127.0.0.1 - - [01/May/2021:03:38:16 +0000] "POST /thruk/cgi-bin/remote.cgi?startup HTTP/1.1" 200 13 "-" "Wget/1.14 (linux-gnu)"
127.0.0.1 - - [01/May/2021:03:55:07 +0000] "POST /thruk/cgi-bin/remote.cgi?startup HTTP/1.1" 200 13 "-" "Wget/1.14 (linux-gnu)"
127.0.0.1 - - [01/May/2021:03:59:08 +0000] "POST /thruk/cgi-bin/remote.cgi?startup HTTP/1.1" 200 13 "-" "Wget/1.14 (linux-gnu)"
127.0.0.1 - - [01/May/2021:04:04:18 +0000] "POST /thruk/cgi-bin/remote.cgi?startup HTTP/1.1" 200 13 "-" "Wget/1.14 (linux-gnu)"
127.0.0.1 - - [01/May/2021:16:09:11 +0000] "POST /thruk/cgi-bin/remote.cgi?startup HTTP/1.1" 200 13 "-" "Wget/1.14 (linux-gnu)"
172.18.0.1 - - [01/May/2021:16:10:10 +0000] "GET /thruk HTTP/1.1" 302 212 "-" "Mozilla/5.0 (X11; Ubuntu; Linux x86_64; rv:87.0) Gecko/20100101 Firefox/87.0"
172.18.0.1 - - [01/May/2021:16:10:10 +0000] "GET /thruk/ HTTP/1.1" 302 236 "-" "Mozilla/5.0 (X11; Ubuntu; Linux x86_64; rv:87.0) Gecko/20100101 Firefox/87.0"
172.18.0.1 - - [01/May/2021:16:10:10 +0000] "GET /thruk/cgi-bin/login.cgi?thruk/ HTTP/1.1" 200 2650 "-" "Mozilla/5.0 (X11; Ubuntu; Linux x86_64; rv:87.0) Gecko/20100101 Firefox/87.0"
172.18.0.1 - - [01/May/2021:16:10:10 +0000] "GET /thruk/themes/Thruk2/stylesheets/all_in_one-2.18-1.css HTTP/1.1" 200 10289 "http://localhost:8000/thruk/cgi-bin/login.cgi?thruk/" "Mozilla/5.0 (X11; Ubuntu; Linux x86_64; rv:87.0) Gecko/20100101 Firefox/87.0"
172.18.0.1 - - [01/May/2021:16:10:10 +0000] "GET /thruk/javascript/cal/jscal2.css HTTP/1.1" 200 1551 "http://localhost:8000/thruk/cgi-bin/login.cgi?thruk/" "Mozilla/5.0 (X11; Ubuntu; Linux x86_64; rv:87.0) Gecko/20100101 Firefox/87.0"
172.18.0.1 - - [01/May/2021:16:10:10 +0000] "GET /thruk/javascript/all_in_one-2.18-1.js HTTP/1.1" 200 86773 "http://localhost:8000/thruk/cgi-bin/login.cgi?thruk/" "Mozilla/5.0 (X11; Ubuntu; Linux x86_64; rv:87.0) Gecko/20100101 Firefox/87.0"
172.18.0.1 - - [01/May/2021:16:10:10 +0000] "GET /thruk/themes/Thruk2/images/github.png HTTP/1.1" 200 5101 "http://localhost:8000/thruk/cgi-bin/login.cgi?thruk/" "Mozilla/5.0 (X11; Ubuntu; Linux x86_64; rv:87.0) Gecko/20100101 Firefox/87.0"
172.18.0.1 - - [01/May/2021:16:10:10 +0000] "GET /thruk/themes/Thruk2/images/logo_thruk.png HTTP/1.1" 200 7273 "http://localhost:8000/thruk/cgi-bin/login.cgi?thruk/" "Mozilla/5.0 (X11; Ubuntu; Linux x86_64; rv:87.0) Gecko/20100101 Firefox/87.0"
172.18.0.1 - - [01/May/2021:16:10:10 +0000] "GET /thruk/themes/Thruk2/images/logo_thruk_mid.png HTTP/1.1" 200 4150 "http://localhost:8000/thruk/cgi-bin/login.cgi?thruk/" "Mozilla/5.0 (X11; Ubuntu; Linux x86_64; rv:87.0) Gecko/20100101 Firefox/87.0"
172.18.0.1 - - [01/May/2021:16:10:10 +0000] "GET /thruk/themes/Thruk2/fonts/roboto-v15-latin-regular.woff2 HTTP/1.1" 200 14584 "http://localhost:8000/thruk/themes/Thruk2/stylesheets/all_in_one-2.18-1.css" "Mozilla/5.0 (X11; Ubuntu; Linux x86_64; rv:87.0) Gecko/20100101 Firefox/87.0"
172.18.0.1 - - [01/May/2021:16:10:10 +0000] "GET /thruk/themes/Thruk2/fonts/roboto-v15-latin-700.woff2 HTTP/1.1" 200 14552 "http://localhost:8000/thruk/themes/Thruk2/stylesheets/all_in_one-2.18-1.css" "Mozilla/5.0 (X11; Ubuntu; Linux x86_64; rv:87.0) Gecko/20100101 Firefox/87.0"
172.18.0.1 - - [01/May/2021:16:10:10 +0000] "GET /thruk/themes/Thruk2/images/favicon.ico HTTP/1.1" 200 1150 "http://localhost:8000/thruk/cgi-bin/login.cgi?thruk/" "Mozilla/5.0 (X11; Ubuntu; Linux x86_64; rv:87.0) Gecko/20100101 Firefox/87.0"
127.0.0.1 - - [01/May/2021:16:10:18 +0000] "POST /thruk/cgi-bin/restricted.cgi HTTP/1.1" 401 381 "-" "thruk_auth"
127.0.0.1 - - [01/May/2021:16:10:18 +0000] "POST /thruk/cgi-bin/restricted.cgi HTTP/1.1" 401 381 "-" "thruk_auth"
127.0.0.1 - thrukadmin [01/May/2021:16:10:18 +0000] "POST /thruk/cgi-bin/restricted.cgi HTTP/1.1" 200 15 "-" "thruk_auth"
172.18.0.1 - - [01/May/2021:16:10:18 +0000] "POST /thruk/cgi-bin/login.cgi HTTP/1.1" 302 19 "http://localhost:8000/thruk/cgi-bin/login.cgi?thruk/" "Mozilla/5.0 (X11; Ubuntu; Linux x86_64; rv:87.0) Gecko/20100101 Firefox/87.0"
127.0.0.1 - thrukadmin [01/May/2021:16:10:19 +0000] "POST /thruk/cgi-bin/restricted.cgi HTTP/1.1" 200 15 "-" "thruk_auth"
172.18.0.1 - - [01/May/2021:16:10:19 +0000] "GET /thruk/ HTTP/1.1" 200 1790 "http://localhost:8000/thruk/cgi-bin/login.cgi?thruk/" "Mozilla/5.0 (X11; Ubuntu; Linux x86_64; rv:87.0) Gecko/20100101 Firefox/87.0"
172.18.0.1 - - [01/May/2021:16:10:19 +0000] "GET /thruk/themes/Thruk2/images/favicon-32x32.png HTTP/1.1" 200 910 "http://localhost:8000/thruk/" "Mozilla/5.0 (X11; Ubuntu; Linux x86_64; rv:87.0) Gecko/20100101 Firefox/87.0"
172.18.0.1 - - [01/May/2021:16:10:19 +0000] "GET /thruk/side.html HTTP/1.1" 200 3390 "http://localhost:8000/thruk/" "Mozilla/5.0 (X11; Ubuntu; Linux x86_64; rv:87.0) Gecko/20100101 Firefox/87.0"
172.18.0.1 - - [01/May/2021:16:10:19 +0000] "GET /thruk/javascript/cal/jscal2.css HTTP/1.1" 200 1551 "http://localhost:8000/thruk/side.html" "Mozilla/5.0 (X11; Ubuntu; Linux x86_64; rv:87.0) Gecko/20100101 Firefox/87.0"
172.18.0.1 - - [01/May/2021:16:10:19 +0000] "GET /thruk/themes/Thruk2/stylesheets/all_in_one-2.18-1.css HTTP/1.1" 200 10289 "http://localhost:8000/thruk/side.html" "Mozilla/5.0 (X11; Ubuntu; Linux x86_64; rv:87.0) Gecko/20100101 Firefox/87.0"
172.18.0.1 - - [01/May/2021:16:10:19 +0000] "GET /thruk/javascript/all_in_one-2.18-1.js HTTP/1.1" 200 86773 "http://localhost:8000/thruk/side.html" "Mozilla/5.0 (X11; Ubuntu; Linux x86_64; rv:87.0) Gecko/20100101 Firefox/87.0"
172.18.0.1 - - [01/May/2021:16:10:19 +0000] "GET /thruk/themes/Thruk2/images/logo_thruk_small.png HTTP/1.1" 200 3751 "http://localhost:8000/thruk/side.html" "Mozilla/5.0 (X11; Ubuntu; Linux x86_64; rv:87.0) Gecko/20100101 Firefox/87.0"
172.18.0.1 - - [01/May/2021:16:10:19 +0000] "GET /thruk/main.html HTTP/1.1" 200 2444 "http://localhost:8000/thruk/" "Mozilla/5.0 (X11; Ubuntu; Linux x86_64; rv:87.0) Gecko/20100101 Firefox/87.0"
172.18.0.1 - - [01/May/2021:16:10:19 +0000] "GET /thruk/themes/Thruk2/images/waiting.gif HTTP/1.1" 200 5552 "http://localhost:8000/thruk/main.html" "Mozilla/5.0 (X11; Ubuntu; Linux x86_64; rv:87.0) Gecko/20100101 Firefox/87.0"
172.18.0.1 - - [01/May/2021:16:10:19 +0000] "GET /thruk/themes/Thruk2/images/loading-icon.gif HTTP/1.1" 200 4488 "http://localhost:8000/thruk/main.html" "Mozilla/5.0 (X11; Ubuntu; Linux x86_64; rv:87.0) Gecko/20100101 Firefox/87.0"
172.18.0.1 - - [01/May/2021:16:10:19 +0000] "GET /thruk/themes/Thruk2/images/bg.png HTTP/1.1" 200 159 "http://localhost:8000/thruk/themes/Thruk2/stylesheets/all_in_one-2.18-1.css" "Mozilla/5.0 (X11; Ubuntu; Linux x86_64; rv:87.0) Gecko/20100101 Firefox/87.0"
172.18.0.1 - - [01/May/2021:16:10:19 +0000] "GET /thruk/themes/Thruk2/images/btn_close_small.png HTTP/1.1" 200 213 "http://localhost:8000/thruk/themes/Thruk2/stylesheets/all_in_one-2.18-1.css" "Mozilla/5.0 (X11; Ubuntu; Linux x86_64; rv:87.0) Gecko/20100101 Firefox/87.0"
172.18.0.1 - - [01/May/2021:16:10:19 +0000] "GET /thruk/themes/Thruk2/fonts/MaterialIcons-Regular.woff2 HTTP/1.1" 200 44300 "http://localhost:8000/thruk/themes/Thruk2/stylesheets/all_in_one-2.18-1.css" "Mozilla/5.0 (X11; Ubuntu; Linux x86_64; rv:87.0) Gecko/20100101 Firefox/87.0"
127.0.0.1 - thrukadmin [01/May/2021:16:10:31 +0000] "POST /thruk/cgi-bin/restricted.cgi HTTP/1.1" 200 15 "-" "thruk_auth"
172.18.0.1 - - [01/May/2021:16:10:31 +0000] "GET /thruk/cgi-bin/status.cgi?hostgroup=all&style=hostdetail HTTP/1.1" 302 19 "http://localhost:8000/thruk/side.html" "Mozilla/5.0 (X11; Ubuntu; Linux x86_64; rv:87.0) Gecko/20100101 Firefox/87.0"
172.18.0.1 - - [01/May/2021:16:10:31 +0000] "GET /thruk/cgi-bin/conf.cgi?sub=backends HTTP/1.1" 200 5256 "http://localhost:8000/thruk/side.html" "Mozilla/5.0 (X11; Ubuntu; Linux x86_64; rv:87.0) Gecko/20100101 Firefox/87.0"
172.18.0.1 - - [01/May/2021:16:10:32 +0000] "GET /thruk/plugins/conf/conf.css HTTP/1.1" 200 1785 "http://localhost:8000/thruk/cgi-bin/conf.cgi?sub=backends" "Mozilla/5.0 (X11; Ubuntu; Linux x86_64; rv:87.0) Gecko/20100101 Firefox/87.0"
172.18.0.1 - - [01/May/2021:16:10:32 +0000] "GET /thruk/plugins/conf/linedtextarea/jquery-linedtextarea.css HTTP/1.1" 200 592 "http://localhost:8000/thruk/cgi-bin/conf.cgi?sub=backends" "Mozilla/5.0 (X11; Ubuntu; Linux x86_64; rv:87.0) Gecko/20100101 Firefox/87.0"
172.18.0.1 - - [01/May/2021:16:10:32 +0000] "GET /thruk/javascript/jquery-ui/css/smoothness/jquery-ui-1.10.3.custom.min.css HTTP/1.1" 200 5314 "http://localhost:8000/thruk/cgi-bin/conf.cgi?sub=backends" "Mozilla/5.0 (X11; Ubuntu; Linux x86_64; rv:87.0) Gecko/20100101 Firefox/87.0"
172.18.0.1 - - [01/May/2021:16:10:32 +0000] "GET /thruk/javascript/jstree-3.0.9/themes/default/style.min.css HTTP/1.1" 200 3849 "http://localhost:8000/thruk/cgi-bin/conf.cgi?sub=backends" "Mozilla/5.0 (X11; Ubuntu; Linux x86_64; rv:87.0) Gecko/20100101 Firefox/87.0"
172.18.0.1 - - [01/May/2021:16:10:32 +0000] "GET /thruk/plugins/conf/conf.js HTTP/1.1" 200 5642 "http://localhost:8000/thruk/cgi-bin/conf.cgi?sub=backends" "Mozilla/5.0 (X11; Ubuntu; Linux x86_64; rv:87.0) Gecko/20100101 Firefox/87.0"
172.18.0.1 - - [01/May/2021:16:10:32 +0000] "GET /thruk/javascript/jstree-3.0.9/jstree.min.js HTTP/1.1" 200 27645 "http://localhost:8000/thruk/cgi-bin/conf.cgi?sub=backends" "Mozilla/5.0 (X11; Ubuntu; Linux x86_64; rv:87.0) Gecko/20100101 Firefox/87.0"
172.18.0.1 - - [01/May/2021:16:10:32 +0000] "GET /thruk/javascript/all_in_one-2.18-1.js HTTP/1.1" 200 86773 "http://localhost:8000/thruk/cgi-bin/conf.cgi?sub=backends" "Mozilla/5.0 (X11; Ubuntu; Linux x86_64; rv:87.0) Gecko/20100101 Firefox/87.0"
172.18.0.1 - - [01/May/2021:16:10:32 +0000] "GET /thruk/javascript/jquery-ui/js/jquery-ui-1.10.3.custom.min.js HTTP/1.1" 200 60504 "http://localhost:8000/thruk/cgi-bin/conf.cgi?sub=backends" "Mozilla/5.0 (X11; Ubuntu; Linux x86_64; rv:87.0) Gecko/20100101 Firefox/87.0"
172.18.0.1 - - [01/May/2021:16:10:32 +0000] "GET /thruk/themes/Thruk2/images/error.png HTTP/1.1" 200 521 "http://localhost:8000/thruk/cgi-bin/conf.cgi?sub=backends" "Mozilla/5.0 (X11; Ubuntu; Linux x86_64; rv:87.0) Gecko/20100101 Firefox/87.0"
172.18.0.1 - - [01/May/2021:16:10:32 +0000] "GET /thruk/themes/Thruk2/images/contexthelp1.gif HTTP/1.1" 200 364 "http://localhost:8000/thruk/cgi-bin/conf.cgi?sub=backends" "Mozilla/5.0 (X11; Ubuntu; Linux x86_64; rv:87.0) Gecko/20100101 Firefox/87.0"
172.18.0.1 - - [01/May/2021:16:10:32 +0000] "GET /thruk/themes/Thruk2/images/help.png HTTP/1.1" 200 343 "http://localhost:8000/thruk/cgi-bin/conf.cgi?sub=backends" "Mozilla/5.0 (X11; Ubuntu; Linux x86_64; rv:87.0) Gecko/20100101 Firefox/87.0"
172.18.0.1 - - [01/May/2021:16:10:32 +0000] "GET /thruk/themes/Thruk2/images/down.png HTTP/1.1" 200 164 "http://localhost:8000/thruk/cgi-bin/conf.cgi?sub=backends" "Mozilla/5.0 (X11; Ubuntu; Linux x86_64; rv:87.0) Gecko/20100101 Firefox/87.0"
172.18.0.1 - - [01/May/2021:16:10:32 +0000] "GET /thruk/themes/Thruk2/images/remove.png HTTP/1.1" 200 169 "http://localhost:8000/thruk/cgi-bin/conf.cgi?sub=backends" "Mozilla/5.0 (X11; Ubuntu; Linux x86_64; rv:87.0) Gecko/20100101 Firefox/87.0"
172.18.0.1 - - [01/May/2021:16:10:32 +0000] "GET /thruk/javascript/jquery-ui/css/smoothness/images/ui-bg_glass_75_e6e6e6_1x400.png HTTP/1.1" 200 254 "http://localhost:8000/thruk/javascript/jquery-ui/css/smoothness/jquery-ui-1.10.3.custom.min.css" "Mozilla/5.0 (X11; Ubuntu; Linux x86_64; rv:87.0) Gecko/20100101 Firefox/87.0"
127.0.0.1 - - [01/May/2021:16:10:37 +0000] "OPTIONS * HTTP/1.0" 200 - "-" "Apache/2.4.6 (CentOS) mod_fcgid/2.3.9 PHP/5.4.16 (internal dummy connection)"
127.0.0.1 - - [01/May/2021:16:10:38 +0000] "OPTIONS * HTTP/1.0" 200 - "-" "Apache/2.4.6 (CentOS) mod_fcgid/2.3.9 PHP/5.4.16 (internal dummy connection)"
172.18.0.1 - - [01/May/2021:16:11:57 +0000] "GET /thruk/javascript/jquery-ui/css/smoothness/images/ui-bg_glass_75_dadada_1x400.png HTTP/1.1" 200 260 "http://localhost:8000/thruk/javascript/jquery-ui/css/smoothness/jquery-ui-1.10.3.custom.min.css" "Mozilla/5.0 (X11; Ubuntu; Linux x86_64; rv:87.0) Gecko/20100101 Firefox/87.0"
172.18.0.1 - - [01/May/2021:16:11:58 +0000] "GET /thruk/javascript/jquery-ui/css/smoothness/images/ui-bg_glass_65_ffffff_1x400.png HTTP/1.1" 200 207 "http://localhost:8000/thruk/javascript/jquery-ui/css/smoothness/jquery-ui-1.10.3.custom.min.css" "Mozilla/5.0 (X11; Ubuntu; Linux x86_64; rv:87.0) Gecko/20100101 Firefox/87.0"
127.0.0.1 - thrukadmin [01/May/2021:16:11:58 +0000] "POST /thruk/cgi-bin/restricted.cgi HTTP/1.1" 200 15 "-" "thruk_auth"
172.18.0.1 - - [01/May/2021:16:11:58 +0000] "POST /thruk/cgi-bin/conf.cgi HTTP/1.1" 200 109 "http://localhost:8000/thruk/cgi-bin/conf.cgi?sub=backends" "Mozilla/5.0 (X11; Ubuntu; Linux x86_64; rv:87.0) Gecko/20100101 Firefox/87.0"
172.18.0.1 - - [01/May/2021:16:11:58 +0000] "GET /thruk/themes/Thruk2/images/icon_close.gif HTTP/1.1" 200 77 "http://localhost:8000/thruk/cgi-bin/conf.cgi?sub=backends" "Mozilla/5.0 (X11; Ubuntu; Linux x86_64; rv:87.0) Gecko/20100101 Firefox/87.0"
127.0.0.1 - - [01/May/2021:16:17:13 +0000] "POST /thruk/cgi-bin/remote.cgi?startup HTTP/1.1" 200 13 "-" "Wget/1.14 (linux-gnu)"
127.0.0.1 - thrukadmin [01/May/2021:16:17:51 +0000] "POST /thruk/cgi-bin/restricted.cgi HTTP/1.1" 200 15 "-" "thruk_auth"
172.18.0.1 - - [01/May/2021:16:17:51 +0000] "GET /thruk/ HTTP/1.1" 200 1790 "http://localhost:8000/thruk/cgi-bin/login.cgi?thruk/" "Mozilla/5.0 (X11; Ubuntu; Linux x86_64; rv:87.0) Gecko/20100101 Firefox/87.0"
172.18.0.1 - - [01/May/2021:16:17:51 +0000] "GET /thruk/themes/Thruk2/images/favicon-32x32.png HTTP/1.1" 304 - "http://localhost:8000/thruk/" "Mozilla/5.0 (X11; Ubuntu; Linux x86_64; rv:87.0) Gecko/20100101 Firefox/87.0"
172.18.0.1 - - [01/May/2021:16:17:51 +0000] "GET /thruk/side.html HTTP/1.1" 200 3390 "http://localhost:8000/thruk/" "Mozilla/5.0 (X11; Ubuntu; Linux x86_64; rv:87.0) Gecko/20100101 Firefox/87.0"
172.18.0.1 - - [01/May/2021:16:17:51 +0000] "GET /thruk/cgi-bin/conf.cgi?sub=backends HTTP/1.1" 200 5257 "http://localhost:8000/thruk/" "Mozilla/5.0 (X11; Ubuntu; Linux x86_64; rv:87.0) Gecko/20100101 Firefox/87.0"
127.0.0.1 - thrukadmin [01/May/2021:16:18:10 +0000] "POST /thruk/cgi-bin/restricted.cgi HTTP/1.1" 200 15 "-" "thruk_auth"
172.18.0.1 - - [01/May/2021:16:18:10 +0000] "POST /thruk/cgi-bin/conf.cgi HTTP/1.1" 200 16 "http://localhost:8000/thruk/cgi-bin/conf.cgi?sub=backends" "Mozilla/5.0 (X11; Ubuntu; Linux x86_64; rv:87.0) Gecko/20100101 Firefox/87.0"
172.18.0.1 - - [01/May/2021:16:18:10 +0000] "GET /thruk/themes/Thruk2/images/accept.png HTTP/1.1" 200 563 "http://localhost:8000/thruk/cgi-bin/conf.cgi?sub=backends" "Mozilla/5.0 (X11; Ubuntu; Linux x86_64; rv:87.0) Gecko/20100101 Firefox/87.0"
127.0.0.1 - thrukadmin [01/May/2021:16:20:16 +0000] "POST /thruk/cgi-bin/restricted.cgi HTTP/1.1" 200 15 "-" "thruk_auth"
172.18.0.1 - - [01/May/2021:16:20:16 +0000] "POST /thruk/cgi-bin/conf.cgi HTTP/1.1" 200 109 "http://localhost:8000/thruk/cgi-bin/conf.cgi?sub=backends" "Mozilla/5.0 (X11; Ubuntu; Linux x86_64; rv:87.0) Gecko/20100101 Firefox/87.0"
127.0.0.1 - thrukadmin [01/May/2021:16:20:26 +0000] "POST /thruk/cgi-bin/restricted.cgi HTTP/1.1" 200 15 "-" "thruk_auth"
172.18.0.1 - - [01/May/2021:16:20:26 +0000] "POST /thruk/cgi-bin/conf.cgi HTTP/1.1" 200 109 "http://localhost:8000/thruk/cgi-bin/conf.cgi?sub=backends" "Mozilla/5.0 (X11; Ubuntu; Linux x86_64; rv:87.0) Gecko/20100101 Firefox/87.0"
127.0.0.1 - thrukadmin [01/May/2021:16:21:57 +0000] "POST /thruk/cgi-bin/restricted.cgi HTTP/1.1" 200 15 "-" "thruk_auth"
172.18.0.1 - - [01/May/2021:16:21:57 +0000] "POST /thruk/cgi-bin/conf.cgi HTTP/1.1" 200 109 "http://localhost:8000/thruk/cgi-bin/conf.cgi?sub=backends" "Mozilla/5.0 (X11; Ubuntu; Linux x86_64; rv:87.0) Gecko/20100101 Firefox/87.0"
127.0.0.1 - thrukadmin [01/May/2021:16:22:08 +0000] "POST /thruk/cgi-bin/restricted.cgi HTTP/1.1" 200 15 "-" "thruk_auth"
172.18.0.1 - - [01/May/2021:16:22:08 +0000] "GET /thruk/ HTTP/1.1" 200 1790 "http://localhost:8000/thruk/cgi-bin/login.cgi?thruk/" "Mozilla/5.0 (X11; Ubuntu; Linux x86_64; rv:87.0) Gecko/20100101 Firefox/87.0"
172.18.0.1 - - [01/May/2021:16:22:08 +0000] "GET /thruk/side.html HTTP/1.1" 200 3390 "http://localhost:8000/thruk/" "Mozilla/5.0 (X11; Ubuntu; Linux x86_64; rv:87.0) Gecko/20100101 Firefox/87.0"
172.18.0.1 - - [01/May/2021:16:22:08 +0000] "GET /thruk/cgi-bin/conf.cgi?sub=backends HTTP/1.1" 200 5257 "http://localhost:8000/thruk/" "Mozilla/5.0 (X11; Ubuntu; Linux x86_64; rv:87.0) Gecko/20100101 Firefox/87.0"
127.0.0.1 - thrukadmin [01/May/2021:16:22:29 +0000] "POST /thruk/cgi-bin/restricted.cgi HTTP/1.1" 200 15 "-" "thruk_auth"
172.18.0.1 - - [01/May/2021:16:22:29 +0000] "POST /thruk/cgi-bin/conf.cgi HTTP/1.1" 200 109 "http://localhost:8000/thruk/cgi-bin/conf.cgi?sub=backends" "Mozilla/5.0 (X11; Ubuntu; Linux x86_64; rv:87.0) Gecko/20100101 Firefox/87.0"
127.0.0.1 - - [01/May/2021:16:23:14 +0000] "POST /thruk/cgi-bin/remote.cgi?startup HTTP/1.1" 200 13 "-" "Wget/1.14 (linux-gnu)"
127.0.0.1 - thrukadmin [01/May/2021:16:23:56 +0000] "POST /thruk/cgi-bin/restricted.cgi HTTP/1.1" 200 15 "-" "thruk_auth"
172.18.0.1 - - [01/May/2021:16:23:56 +0000] "GET /thruk/ HTTP/1.1" 200 1790 "http://localhost:8000/thruk/cgi-bin/login.cgi?thruk/" "Mozilla/5.0 (X11; Ubuntu; Linux x86_64; rv:87.0) Gecko/20100101 Firefox/87.0"
172.18.0.1 - - [01/May/2021:16:23:56 +0000] "GET /thruk/side.html HTTP/1.1" 200 3390 "http://localhost:8000/thruk/" "Mozilla/5.0 (X11; Ubuntu; Linux x86_64; rv:87.0) Gecko/20100101 Firefox/87.0"
172.18.0.1 - - [01/May/2021:16:23:56 +0000] "GET /thruk/cgi-bin/conf.cgi?sub=backends HTTP/1.1" 200 5257 "http://localhost:8000/thruk/" "Mozilla/5.0 (X11; Ubuntu; Linux x86_64; rv:87.0) Gecko/20100101 Firefox/87.0"
127.0.0.1 - thrukadmin [01/May/2021:16:25:36 +0000] "POST /thruk/cgi-bin/restricted.cgi HTTP/1.1" 200 15 "-" "thruk_auth"
172.18.0.1 - - [01/May/2021:16:25:36 +0000] "GET /thruk/ HTTP/1.1" 200 1790 "http://localhost:8000/thruk/cgi-bin/login.cgi?thruk/" "Mozilla/5.0 (X11; Ubuntu; Linux x86_64; rv:87.0) Gecko/20100101 Firefox/87.0"
172.18.0.1 - - [01/May/2021:16:25:36 +0000] "GET /thruk/side.html HTTP/1.1" 200 3390 "http://localhost:8000/thruk/" "Mozilla/5.0 (X11; Ubuntu; Linux x86_64; rv:87.0) Gecko/20100101 Firefox/87.0"
172.18.0.1 - - [01/May/2021:16:25:36 +0000] "GET /thruk/cgi-bin/conf.cgi?sub=backends HTTP/1.1" 200 5257 "http://localhost:8000/thruk/" "Mozilla/5.0 (X11; Ubuntu; Linux x86_64; rv:87.0) Gecko/20100101 Firefox/87.0"
127.0.0.1 - thrukadmin [01/May/2021:16:28:09 +0000] "POST /thruk/cgi-bin/restricted.cgi HTTP/1.1" 200 15 "-" "thruk_auth"
172.18.0.1 - - [01/May/2021:16:28:09 +0000] "GET /thruk/ HTTP/1.1" 200 1790 "http://localhost:8000/thruk/cgi-bin/login.cgi?thruk/" "Mozilla/5.0 (X11; Ubuntu; Linux x86_64; rv:87.0) Gecko/20100101 Firefox/87.0"
172.18.0.1 - - [01/May/2021:16:28:09 +0000] "GET /thruk/side.html HTTP/1.1" 200 3390 "http://localhost:8000/thruk/" "Mozilla/5.0 (X11; Ubuntu; Linux x86_64; rv:87.0) Gecko/20100101 Firefox/87.0"
172.18.0.1 - - [01/May/2021:16:28:09 +0000] "GET /thruk/cgi-bin/conf.cgi?sub=backends HTTP/1.1" 200 5256 "http://localhost:8000/thruk/" "Mozilla/5.0 (X11; Ubuntu; Linux x86_64; rv:87.0) Gecko/20100101 Firefox/87.0"
127.0.0.1 - thrukadmin [01/May/2021:16:31:45 +0000] "POST /thruk/cgi-bin/restricted.cgi HTTP/1.1" 200 15 "-" "thruk_auth"
172.18.0.1 - - [01/May/2021:16:31:45 +0000] "GET /thruk/ HTTP/1.1" 200 1790 "http://localhost:8000/thruk/cgi-bin/login.cgi?thruk/" "Mozilla/5.0 (X11; Ubuntu; Linux x86_64; rv:87.0) Gecko/20100101 Firefox/87.0"
172.18.0.1 - - [01/May/2021:16:31:45 +0000] "GET /thruk/side.html HTTP/1.1" 200 3390 "http://localhost:8000/thruk/" "Mozilla/5.0 (X11; Ubuntu; Linux x86_64; rv:87.0) Gecko/20100101 Firefox/87.0"
172.18.0.1 - - [01/May/2021:16:31:45 +0000] "GET /thruk/cgi-bin/conf.cgi?sub=backends HTTP/1.1" 200 5206 "http://localhost:8000/thruk/" "Mozilla/5.0 (X11; Ubuntu; Linux x86_64; rv:87.0) Gecko/20100101 Firefox/87.0"
127.0.0.1 - thrukadmin [01/May/2021:16:34:01 +0000] "POST /thruk/cgi-bin/restricted.cgi HTTP/1.1" 200 15 "-" "thruk_auth"
172.18.0.1 - - [01/May/2021:16:34:01 +0000] "POST /thruk/cgi-bin/conf.cgi HTTP/1.1" 200 109 "http://localhost:8000/thruk/cgi-bin/conf.cgi?sub=backends" "Mozilla/5.0 (X11; Ubuntu; Linux x86_64; rv:87.0) Gecko/20100101 Firefox/87.0"
172.18.0.1 - - [01/May/2021:16:34:01 +0000] "GET /thruk/themes/Thruk2/images/icon_close.gif HTTP/1.1" 200 77 "http://localhost:8000/thruk/cgi-bin/conf.cgi?sub=backends" "Mozilla/5.0 (X11; Ubuntu; Linux x86_64; rv:87.0) Gecko/20100101 Firefox/87.0"
127.0.0.1 - thrukadmin [01/May/2021:16:35:45 +0000] "POST /thruk/cgi-bin/restricted.cgi HTTP/1.1" 200 15 "-" "thruk_auth"
172.18.0.1 - - [01/May/2021:16:35:45 +0000] "POST /thruk/cgi-bin/conf.cgi HTTP/1.1" 200 16 "http://localhost:8000/thruk/cgi-bin/conf.cgi?sub=backends" "Mozilla/5.0 (X11; Ubuntu; Linux x86_64; rv:87.0) Gecko/20100101 Firefox/87.0"
127.0.0.1 - thrukadmin [01/May/2021:16:35:50 +0000] "POST /thruk/cgi-bin/restricted.cgi HTTP/1.1" 200 15 "-" "thruk_auth"
172.18.0.1 - - [01/May/2021:16:35:50 +0000] "POST /thruk/cgi-bin/conf.cgi HTTP/1.1" 302 19 "http://localhost:8000/thruk/cgi-bin/conf.cgi?sub=backends" "Mozilla/5.0 (X11; Ubuntu; Linux x86_64; rv:87.0) Gecko/20100101 Firefox/87.0"
172.18.0.1 - - [01/May/2021:16:35:50 +0000] "GET /thruk/startup.html?wait HTTP/1.1" 200 1391 "http://localhost:8000/thruk/cgi-bin/conf.cgi?sub=backends" "Mozilla/5.0 (X11; Ubuntu; Linux x86_64; rv:87.0) Gecko/20100101 Firefox/87.0"
172.18.0.1 - - [01/May/2021:16:35:50 +0000] "GET /thruk/javascript/jquery-1.12.4.min.js HTTP/1.1" 200 33760 "http://localhost:8000/thruk/startup.html?wait" "Mozilla/5.0 (X11; Ubuntu; Linux x86_64; rv:87.0) Gecko/20100101 Firefox/87.0"
172.18.0.1 - - [01/May/2021:16:35:50 +0000] "GET /thruk/themes/Thruk/images/logo_thruk.png HTTP/1.1" 200 7273 "http://localhost:8000/thruk/startup.html?wait" "Mozilla/5.0 (X11; Ubuntu; Linux x86_64; rv:87.0) Gecko/20100101 Firefox/87.0"
172.18.0.1 - - [01/May/2021:16:35:52 +0000] "POST /thruk/cgi-bin/remote.cgi?startup HTTP/1.1" 200 33 "http://localhost:8000/thruk/startup.html?wait" "Mozilla/5.0 (X11; Ubuntu; Linux x86_64; rv:87.0) Gecko/20100101 Firefox/87.0"
172.18.0.1 - - [01/May/2021:16:35:53 +0000] "GET /thruk/side.html?_=1619886953734 HTTP/1.1" 200 3506 "http://localhost:8000/thruk/startup.html?wait" "Mozilla/5.0 (X11; Ubuntu; Linux x86_64; rv:87.0) Gecko/20100101 Firefox/87.0"
172.18.0.1 - - [01/May/2021:16:35:53 +0000] "GET /thruk/javascript/all_in_one-2.18-1.js HTTP/1.1" 200 86773 "http://localhost:8000/thruk/side.html?_=1619886953734" "Mozilla/5.0 (X11; Ubuntu; Linux x86_64; rv:87.0) Gecko/20100101 Firefox/87.0"
172.18.0.1 - - [01/May/2021:16:35:53 +0000] "GET /thruk/cgi-bin/conf.cgi?sub=backends HTTP/1.1" 200 5678 "http://localhost:8000/thruk/startup.html?wait" "Mozilla/5.0 (X11; Ubuntu; Linux x86_64; rv:87.0) Gecko/20100101 Firefox/87.0"
172.18.0.1 - - [01/May/2021:16:35:54 +0000] "GET /thruk/javascript/all_in_one-2.18-1.js HTTP/1.1" 200 86773 "http://localhost:8000/thruk/cgi-bin/conf.cgi?sub=backends" "Mozilla/5.0 (X11; Ubuntu; Linux x86_64; rv:87.0) Gecko/20100101 Firefox/87.0"
127.0.0.1 - thrukadmin [01/May/2021:16:35:59 +0000] "POST /thruk/cgi-bin/restricted.cgi HTTP/1.1" 200 15 "-" "thruk_auth"
172.18.0.1 - - [01/May/2021:16:35:59 +0000] "GET /thruk/cgi-bin/status.cgi?hostgroup=all&style=hostdetail HTTP/1.1" 200 11748 "http://localhost:8000/thruk/side.html" "Mozilla/5.0 (X11; Ubuntu; Linux x86_64; rv:87.0) Gecko/20100101 Firefox/87.0"
172.18.0.1 - - [01/May/2021:16:35:59 +0000] "GET /thruk/themes/Thruk2/images/icon_minimize.gif HTTP/1.1" 200 585 "http://localhost:8000/thruk/cgi-bin/status.cgi?hostgroup=all&style=hostdetail" "Mozilla/5.0 (X11; Ubuntu; Linux x86_64; rv:87.0) Gecko/20100101 Firefox/87.0"
172.18.0.1 - - [01/May/2021:16:35:59 +0000] "GET /thruk/themes/Thruk2/images/btn_close.png HTTP/1.1" 200 213 "http://localhost:8000/thruk/cgi-bin/status.cgi?hostgroup=all&style=hostdetail" "Mozilla/5.0 (X11; Ubuntu; Linux x86_64; rv:87.0) Gecko/20100101 Firefox/87.0"
172.18.0.1 - - [01/May/2021:16:35:59 +0000] "GET /thruk/themes/Thruk2/images/calendar.png HTTP/1.1" 200 240 "http://localhost:8000/thruk/cgi-bin/status.cgi?hostgroup=all&style=hostdetail" "Mozilla/5.0 (X11; Ubuntu; Linux x86_64; rv:87.0) Gecko/20100101 Firefox/87.0"
172.18.0.1 - - [01/May/2021:16:35:59 +0000] "GET /thruk/themes/Thruk2/images/right.png HTTP/1.1" 200 166 "http://localhost:8000/thruk/cgi-bin/status.cgi?hostgroup=all&style=hostdetail" "Mozilla/5.0 (X11; Ubuntu; Linux x86_64; rv:87.0) Gecko/20100101 Firefox/87.0"
172.18.0.1 - - [01/May/2021:16:35:59 +0000] "GET /thruk/themes/Thruk2/images/up.gif HTTP/1.1" 200 56 "http://localhost:8000/thruk/cgi-bin/status.cgi?hostgroup=all&style=hostdetail" "Mozilla/5.0 (X11; Ubuntu; Linux x86_64; rv:87.0) Gecko/20100101 Firefox/87.0"
172.18.0.1 - - [01/May/2021:16:35:59 +0000] "GET /thruk/themes/Thruk2/images/down.gif HTTP/1.1" 200 56 "http://localhost:8000/thruk/cgi-bin/status.cgi?hostgroup=all&style=hostdetail" "Mozilla/5.0 (X11; Ubuntu; Linux x86_64; rv:87.0) Gecko/20100101 Firefox/87.0"
172.18.0.1 - - [01/May/2021:16:35:59 +0000] "GET /thruk/themes/Thruk2/images/status2.gif HTTP/1.1" 200 141 "http://localhost:8000/thruk/cgi-bin/status.cgi?hostgroup=all&style=hostdetail" "Mozilla/5.0 (X11; Ubuntu; Linux x86_64; rv:87.0) Gecko/20100101 Firefox/87.0"
172.18.0.1 - - [01/May/2021:16:35:59 +0000] "GET /thruk/themes/Thruk2/images/config.png HTTP/1.1" 200 285 "http://localhost:8000/thruk/cgi-bin/status.cgi?hostgroup=all&style=hostdetail" "Mozilla/5.0 (X11; Ubuntu; Linux x86_64; rv:87.0) Gecko/20100101 Firefox/87.0"
172.18.0.1 - - [01/May/2021:16:35:59 +0000] "GET /thruk/themes/Thruk2/images/minus.gif HTTP/1.1" 200 378 "http://localhost:8000/thruk/cgi-bin/status.cgi?hostgroup=all&style=hostdetail" "Mozilla/5.0 (X11; Ubuntu; Linux x86_64; rv:87.0) Gecko/20100101 Firefox/87.0"
172.18.0.1 - - [01/May/2021:16:35:59 +0000] "GET /thruk/themes/Thruk2/images/icon_maximize.gif HTTP/1.1" 200 586 "http://localhost:8000/thruk/cgi-bin/status.cgi?hostgroup=all&style=hostdetail" "Mozilla/5.0 (X11; Ubuntu; Linux x86_64; rv:87.0) Gecko/20100101 Firefox/87.0"
172.18.0.1 - - [01/May/2021:16:35:59 +0000] "GET /thruk/themes/Thruk2/images/delay.gif HTTP/1.1" 200 376 "http://localhost:8000/thruk/cgi-bin/status.cgi?hostgroup=all&style=hostdetail" "Mozilla/5.0 (X11; Ubuntu; Linux x86_64; rv:87.0) Gecko/20100101 Firefox/87.0"
172.18.0.1 - - [01/May/2021:16:35:59 +0000] "GET /thruk/themes/Thruk2/images/downtime.gif HTTP/1.1" 200 416 "http://localhost:8000/thruk/cgi-bin/status.cgi?hostgroup=all&style=hostdetail" "Mozilla/5.0 (X11; Ubuntu; Linux x86_64; rv:87.0) Gecko/20100101 Firefox/87.0"
172.18.0.1 - - [01/May/2021:16:35:59 +0000] "GET /thruk/themes/Thruk2/images/delete.gif HTTP/1.1" 200 163 "http://localhost:8000/thruk/cgi-bin/status.cgi?hostgroup=all&style=hostdetail" "Mozilla/5.0 (X11; Ubuntu; Linux x86_64; rv:87.0) Gecko/20100101 Firefox/87.0"
172.18.0.1 - - [01/May/2021:16:35:59 +0000] "GET /thruk/themes/Thruk2/images/comment.gif HTTP/1.1" 200 149 "http://localhost:8000/thruk/cgi-bin/status.cgi?hostgroup=all&style=hostdetail" "Mozilla/5.0 (X11; Ubuntu; Linux x86_64; rv:87.0) Gecko/20100101 Firefox/87.0"
172.18.0.1 - - [01/May/2021:16:35:59 +0000] "GET /thruk/themes/Thruk2/images/ack.gif HTTP/1.1" 200 122 "http://localhost:8000/thruk/cgi-bin/status.cgi?hostgroup=all&style=hostdetail" "Mozilla/5.0 (X11; Ubuntu; Linux x86_64; rv:87.0) Gecko/20100101 Firefox/87.0"
172.18.0.1 - - [01/May/2021:16:35:59 +0000] "GET /thruk/themes/Thruk2/images/noack.gif HTTP/1.1" 200 215 "http://localhost:8000/thruk/cgi-bin/status.cgi?hostgroup=all&style=hostdetail" "Mozilla/5.0 (X11; Ubuntu; Linux x86_64; rv:87.0) Gecko/20100101 Firefox/87.0"
172.18.0.1 - - [01/May/2021:16:35:59 +0000] "GET /thruk/themes/Thruk2/images/enabled.gif HTTP/1.1" 200 636 "http://localhost:8000/thruk/cgi-bin/status.cgi?hostgroup=all&style=hostdetail" "Mozilla/5.0 (X11; Ubuntu; Linux x86_64; rv:87.0) Gecko/20100101 Firefox/87.0"
172.18.0.1 - - [01/May/2021:16:35:59 +0000] "GET /thruk/themes/Thruk2/images/disabled.gif HTTP/1.1" 200 676 "http://localhost:8000/thruk/cgi-bin/status.cgi?hostgroup=all&style=hostdetail" "Mozilla/5.0 (X11; Ubuntu; Linux x86_64; rv:87.0) Gecko/20100101 Firefox/87.0"
172.18.0.1 - - [01/May/2021:16:35:59 +0000] "GET /thruk/themes/Thruk2/images/passiveonly.gif HTTP/1.1" 200 152 "http://localhost:8000/thruk/cgi-bin/status.cgi?hostgroup=all&style=hostdetail" "Mozilla/5.0 (X11; Ubuntu; Linux x86_64; rv:87.0) Gecko/20100101 Firefox/87.0"
127.0.0.1 - thrukadmin [01/May/2021:16:37:30 +0000] "POST /thruk/cgi-bin/restricted.cgi HTTP/1.1" 200 15 "-" "thruk_auth"
172.18.0.1 - - [01/May/2021:16:37:29 +0000] "GET /thruk/cgi-bin/status.cgi?hostgroup=all&style=hostdetail&_=1619887049890 HTTP/1.1" 200 11794 "http://localhost:8000/thruk/cgi-bin/status.cgi?hostgroup=all&style=hostdetail" "Mozilla/5.0 (X11; Ubuntu; Linux x86_64; rv:87.0) Gecko/20100101 Firefox/87.0"
127.0.0.1 - thrukadmin [01/May/2021:16:38:10 +0000] "POST /thruk/cgi-bin/restricted.cgi HTTP/1.1" 200 15 "-" "thruk_auth"
172.18.0.1 - - [01/May/2021:16:38:10 +0000] "GET /thruk/cgi-bin/extinfo.cgi?type=1&host=localhost&backend=7215e HTTP/1.1" 200 4947 "http://localhost:8000/thruk/cgi-bin/status.cgi?hostgroup=all&style=hostdetail" "Mozilla/5.0 (X11; Ubuntu; Linux x86_64; rv:87.0) Gecko/20100101 Firefox/87.0"
172.18.0.1 - - [01/May/2021:16:38:10 +0000] "GET /thruk/themes/Thruk2/images/status3.gif HTTP/1.1" 200 364 "http://localhost:8000/thruk/cgi-bin/extinfo.cgi?type=1&host=localhost&backend=7215e" "Mozilla/5.0 (X11; Ubuntu; Linux x86_64; rv:87.0) Gecko/20100101 Firefox/87.0"
172.18.0.1 - - [01/May/2021:16:38:10 +0000] "GET /thruk/themes/Thruk2/images/notify.gif HTTP/1.1" 200 285 "http://localhost:8000/thruk/cgi-bin/extinfo.cgi?type=1&host=localhost&backend=7215e" "Mozilla/5.0 (X11; Ubuntu; Linux x86_64; rv:87.0) Gecko/20100101 Firefox/87.0"
127.0.0.1 - thrukadmin [01/May/2021:16:39:41 +0000] "POST /thruk/cgi-bin/restricted.cgi HTTP/1.1" 200 15 "-" "thruk_auth"
172.18.0.1 - - [01/May/2021:16:39:41 +0000] "GET /thruk/cgi-bin/extinfo.cgi?type=1&host=localhost&backend=7215e&_=1619887180800 HTTP/1.1" 200 4945 "http://localhost:8000/thruk/cgi-bin/extinfo.cgi?type=1&host=localhost&backend=7215e" "Mozilla/5.0 (X11; Ubuntu; Linux x86_64; rv:87.0) Gecko/20100101 Firefox/87.0"
127.0.0.1 - thrukadmin [01/May/2021:16:41:12 +0000] "POST /thruk/cgi-bin/restricted.cgi HTTP/1.1" 200 15 "-" "thruk_auth"
172.18.0.1 - - [01/May/2021:16:41:12 +0000] "GET /thruk/cgi-bin/extinfo.cgi?type=1&host=localhost&backend=7215e&_=1619887271927 HTTP/1.1" 200 4948 "http://localhost:8000/thruk/cgi-bin/extinfo.cgi?type=1&host=localhost&backend=7215e" "Mozilla/5.0 (X11; Ubuntu; Linux x86_64; rv:87.0) Gecko/20100101 Firefox/87.0"
127.0.0.1 - thrukadmin [01/May/2021:16:41:44 +0000] "POST /thruk/cgi-bin/restricted.cgi HTTP/1.1" 200 15 "-" "thruk_auth"
172.18.0.1 - - [01/May/2021:16:41:44 +0000] "POST /thruk/cgi-bin/parts.cgi?part=_header_prefs HTTP/1.1" 200 810 "http://localhost:8000/thruk/cgi-bin/extinfo.cgi?type=1&host=localhost&backend=7215e" "Mozilla/5.0 (X11; Ubuntu; Linux x86_64; rv:87.0) Gecko/20100101 Firefox/87.0"
172.18.0.1 - - [01/May/2021:16:41:44 +0000] "GET /thruk/themes/Thruk2/images/page_white_picture.png HTTP/1.1" 200 232 "http://localhost:8000/thruk/cgi-bin/extinfo.cgi?type=1&host=localhost&backend=7215e" "Mozilla/5.0 (X11; Ubuntu; Linux x86_64; rv:87.0) Gecko/20100101 Firefox/87.0"
172.18.0.1 - - [01/May/2021:16:41:44 +0000] "GET /thruk/themes/Thruk2/images/page_world.png HTTP/1.1" 200 241 "http://localhost:8000/thruk/cgi-bin/extinfo.cgi?type=1&host=localhost&backend=7215e" "Mozilla/5.0 (X11; Ubuntu; Linux x86_64; rv:87.0) Gecko/20100101 Firefox/87.0"
172.18.0.1 - - [01/May/2021:16:41:44 +0000] "GET /thruk/themes/Thruk2/images/sound_mute.png HTTP/1.1" 200 311 "http://localhost:8000/thruk/cgi-bin/extinfo.cgi?type=1&host=localhost&backend=7215e" "Mozilla/5.0 (X11; Ubuntu; Linux x86_64; rv:87.0) Gecko/20100101 Firefox/87.0"
172.18.0.1 - - [01/May/2021:16:41:44 +0000] "GET /thruk/themes/Thruk2/images/favicon_counter.png HTTP/1.1" 200 421 "http://localhost:8000/thruk/cgi-bin/extinfo.cgi?type=1&host=localhost&backend=7215e" "Mozilla/5.0 (X11; Ubuntu; Linux x86_64; rv:87.0) Gecko/20100101 Firefox/87.0"
172.18.0.1 - - [01/May/2021:16:41:44 +0000] "GET /thruk/themes/Thruk2/images/page_white_key.png HTTP/1.1" 200 334 "http://localhost:8000/thruk/cgi-bin/extinfo.cgi?type=1&host=localhost&backend=7215e" "Mozilla/5.0 (X11; Ubuntu; Linux x86_64; rv:87.0) Gecko/20100101 Firefox/87.0"
172.18.0.1 - - [01/May/2021:16:41:44 +0000] "GET /thruk/themes/Thruk2/images/arrow_refresh.png HTTP/1.1" 200 255 "http://localhost:8000/thruk/cgi-bin/extinfo.cgi?type=1&host=localhost&backend=7215e" "Mozilla/5.0 (X11; Ubuntu; Linux x86_64; rv:87.0) Gecko/20100101 Firefox/87.0"
127.0.0.1 - - [01/May/2021:16:41:50 +0000] "OPTIONS * HTTP/1.0" 200 - "-" "Apache/2.4.6 (CentOS) mod_fcgid/2.3.9 PHP/5.4.16 (internal dummy connection)"
127.0.0.1 - thrukadmin [01/May/2021:16:41:52 +0000] "POST /thruk/cgi-bin/restricted.cgi HTTP/1.1" 200 15 "-" "thruk_auth"
172.18.0.1 - - [01/May/2021:16:41:52 +0000] "GET /thruk/cgi-bin/extinfo.cgi?type=1&host=localhost&backend=7215e&theme=&reload_nav=1&_=1619887312380 HTTP/1.1" 200 5075 "http://localhost:8000/thruk/cgi-bin/extinfo.cgi?type=1&host=localhost&backend=7215e" "Mozilla/5.0 (X11; Ubuntu; Linux x86_64; rv:87.0) Gecko/20100101 Firefox/87.0"
172.18.0.1 - - [01/May/2021:16:41:52 +0000] "GET /thruk/themes/Vautour/stylesheets/common.css HTTP/1.1" 200 443 "http://localhost:8000/thruk/cgi-bin/extinfo.cgi?type=1&host=localhost&backend=7215e&theme=&reload_nav=1&_=1619887312380" "Mozilla/5.0 (X11; Ubuntu; Linux x86_64; rv:87.0) Gecko/20100101 Firefox/87.0"
172.18.0.1 - - [01/May/2021:16:41:52 +0000] "GET /thruk/themes/Vautour/stylesheets/Vautour.css HTTP/1.1" 200 514 "http://localhost:8000/thruk/cgi-bin/extinfo.cgi?type=1&host=localhost&backend=7215e&theme=&reload_nav=1&_=1619887312380" "Mozilla/5.0 (X11; Ubuntu; Linux x86_64; rv:87.0) Gecko/20100101 Firefox/87.0"
172.18.0.1 - - [01/May/2021:16:41:52 +0000] "GET /thruk/themes/Vautour/stylesheets/extinfo.css HTTP/1.1" 200 1172 "http://localhost:8000/thruk/cgi-bin/extinfo.cgi?type=1&host=localhost&backend=7215e&theme=&reload_nav=1&_=1619887312380" "Mozilla/5.0 (X11; Ubuntu; Linux x86_64; rv:87.0) Gecko/20100101 Firefox/87.0"
172.18.0.1 - - [01/May/2021:16:41:52 +0000] "GET /thruk/themes/Vautour/stylesheets/interface/menu.css HTTP/1.1" 200 596 "http://localhost:8000/thruk/cgi-bin/extinfo.cgi?type=1&host=localhost&backend=7215e&theme=&reload_nav=1&_=1619887312380" "Mozilla/5.0 (X11; Ubuntu; Linux x86_64; rv:87.0) Gecko/20100101 Firefox/87.0"
172.18.0.1 - - [01/May/2021:16:41:52 +0000] "GET /thruk/themes/Vautour/stylesheets/interface/common.css HTTP/1.1" 200 511 "http://localhost:8000/thruk/cgi-bin/extinfo.cgi?type=1&host=localhost&backend=7215e&theme=&reload_nav=1&_=1619887312380" "Mozilla/5.0 (X11; Ubuntu; Linux x86_64; rv:87.0) Gecko/20100101 Firefox/87.0"
172.18.0.1 - - [01/May/2021:16:41:52 +0000] "GET /thruk/themes/Vautour/stylesheets/thruk_global.css HTTP/1.1" 200 6045 "http://localhost:8000/thruk/cgi-bin/extinfo.cgi?type=1&host=localhost&backend=7215e&theme=&reload_nav=1&_=1619887312380" "Mozilla/5.0 (X11; Ubuntu; Linux x86_64; rv:87.0) Gecko/20100101 Firefox/87.0"
172.18.0.1 - - [01/May/2021:16:41:52 +0000] "GET /thruk/javascript/all_in_one-2.18-1.js HTTP/1.1" 200 86773 "http://localhost:8000/thruk/cgi-bin/extinfo.cgi?type=1&host=localhost&backend=7215e&theme=&reload_nav=1&_=1619887312380" "Mozilla/5.0 (X11; Ubuntu; Linux x86_64; rv:87.0) Gecko/20100101 Firefox/87.0"
172.18.0.1 - - [01/May/2021:16:41:52 +0000] "GET /thruk/themes/Vautour/images/loading-icon.gif HTTP/1.1" 200 1849 "http://localhost:8000/thruk/cgi-bin/extinfo.cgi?type=1&host=localhost&backend=7215e&theme=&reload_nav=1&_=1619887312380" "Mozilla/5.0 (X11; Ubuntu; Linux x86_64; rv:87.0) Gecko/20100101 Firefox/87.0"
172.18.0.1 - - [01/May/2021:16:41:52 +0000] "GET /thruk/themes/Vautour/images/config.png HTTP/1.1" 200 653 "http://localhost:8000/thruk/cgi-bin/extinfo.cgi?type=1&host=localhost&backend=7215e&theme=&reload_nav=1&_=1619887312380" "Mozilla/5.0 (X11; Ubuntu; Linux x86_64; rv:87.0) Gecko/20100101 Firefox/87.0"
172.18.0.1 - - [01/May/2021:16:41:52 +0000] "GET /thruk/themes/Vautour/images/passiveonly.gif HTTP/1.1" 200 568 "http://localhost:8000/thruk/cgi-bin/extinfo.cgi?type=1&host=localhost&backend=7215e&theme=&reload_nav=1&_=1619887312380" "Mozilla/5.0 (X11; Ubuntu; Linux x86_64; rv:87.0) Gecko/20100101 Firefox/87.0"
172.18.0.1 - - [01/May/2021:16:41:52 +0000] "GET /thruk/themes/Vautour/images/enabled.gif HTTP/1.1" 200 519 "http://localhost:8000/thruk/cgi-bin/extinfo.cgi?type=1&host=localhost&backend=7215e&theme=&reload_nav=1&_=1619887312380" "Mozilla/5.0 (X11; Ubuntu; Linux x86_64; rv:87.0) Gecko/20100101 Firefox/87.0"
172.18.0.1 - - [01/May/2021:16:41:52 +0000] "GET /thruk/themes/Vautour/images/status3.gif HTTP/1.1" 200 933 "http://localhost:8000/thruk/cgi-bin/extinfo.cgi?type=1&host=localhost&backend=7215e&theme=&reload_nav=1&_=1619887312380" "Mozilla/5.0 (X11; Ubuntu; Linux x86_64; rv:87.0) Gecko/20100101 Firefox/87.0"
172.18.0.1 - - [01/May/2021:16:41:52 +0000] "GET /thruk/themes/Vautour/images/downtime.gif HTTP/1.1" 200 601 "http://localhost:8000/thruk/cgi-bin/extinfo.cgi?type=1&host=localhost&backend=7215e&theme=&reload_nav=1&_=1619887312380" "Mozilla/5.0 (X11; Ubuntu; Linux x86_64; rv:87.0) Gecko/20100101 Firefox/87.0"
172.18.0.1 - - [01/May/2021:16:41:52 +0000] "GET /thruk/themes/Vautour/images/notify.gif HTTP/1.1" 200 544 "http://localhost:8000/thruk/cgi-bin/extinfo.cgi?type=1&host=localhost&backend=7215e&theme=&reload_nav=1&_=1619887312380" "Mozilla/5.0 (X11; Ubuntu; Linux x86_64; rv:87.0) Gecko/20100101 Firefox/87.0"
172.18.0.1 - - [01/May/2021:16:41:52 +0000] "GET /thruk/themes/Vautour/images/ack.gif HTTP/1.1" 200 564 "http://localhost:8000/thruk/cgi-bin/extinfo.cgi?type=1&host=localhost&backend=7215e&theme=&reload_nav=1&_=1619887312380" "Mozilla/5.0 (X11; Ubuntu; Linux x86_64; rv:87.0) Gecko/20100101 Firefox/87.0"
172.18.0.1 - - [01/May/2021:16:41:52 +0000] "GET /thruk/themes/Vautour/images/waiting.gif HTTP/1.1" 200 4176 "http://localhost:8000/thruk/cgi-bin/extinfo.cgi?type=1&host=localhost&backend=7215e&theme=&reload_nav=1&_=1619887312380" "Mozilla/5.0 (X11; Ubuntu; Linux x86_64; rv:87.0) Gecko/20100101 Firefox/87.0"
172.18.0.1 - - [01/May/2021:16:41:52 +0000] "GET /thruk/themes/Vautour/images/comment.gif HTTP/1.1" 200 325 "http://localhost:8000/thruk/cgi-bin/extinfo.cgi?type=1&host=localhost&backend=7215e&theme=&reload_nav=1&_=1619887312380" "Mozilla/5.0 (X11; Ubuntu; Linux x86_64; rv:87.0) Gecko/20100101 Firefox/87.0"
172.18.0.1 - - [01/May/2021:16:41:52 +0000] "GET /thruk/themes/Vautour/images/delay.gif HTTP/1.1" 200 1013 "http://localhost:8000/thruk/cgi-bin/extinfo.cgi?type=1&host=localhost&backend=7215e&theme=&reload_nav=1&_=1619887312380" "Mozilla/5.0 (X11; Ubuntu; Linux x86_64; rv:87.0) Gecko/20100101 Firefox/87.0"
172.18.0.1 - - [01/May/2021:16:41:52 +0000] "GET /thruk/themes/Vautour/images/delete.gif HTTP/1.1" 200 359 "http://localhost:8000/thruk/cgi-bin/extinfo.cgi?type=1&host=localhost&backend=7215e&theme=&reload_nav=1&_=1619887312380" "Mozilla/5.0 (X11; Ubuntu; Linux x86_64; rv:87.0) Gecko/20100101 Firefox/87.0"
172.18.0.1 - - [01/May/2021:16:41:52 +0000] "GET /thruk/themes/Vautour/images/disabled.gif HTTP/1.1" 200 545 "http://localhost:8000/thruk/cgi-bin/extinfo.cgi?type=1&host=localhost&backend=7215e&theme=&reload_nav=1&_=1619887312380" "Mozilla/5.0 (X11; Ubuntu; Linux x86_64; rv:87.0) Gecko/20100101 Firefox/87.0"
172.18.0.1 - - [01/May/2021:16:41:52 +0000] "GET /thruk/themes/Vautour/images/bug_error.png HTTP/1.1" 200 841 "http://localhost:8000/thruk/themes/Vautour/stylesheets/thruk_global.css" "Mozilla/5.0 (X11; Ubuntu; Linux x86_64; rv:87.0) Gecko/20100101 Firefox/87.0"
172.18.0.1 - - [01/May/2021:16:41:52 +0000] "GET /thruk/themes/Vautour/images/arrow_refresh.png HTTP/1.1" 200 685 "http://localhost:8000/thruk/themes/Vautour/stylesheets/thruk_global.css" "Mozilla/5.0 (X11; Ubuntu; Linux x86_64; rv:87.0) Gecko/20100101 Firefox/87.0"
172.18.0.1 - - [01/May/2021:16:41:52 +0000] "GET /thruk/themes/Vautour/images/interface/menu_li1.gif HTTP/1.1" 200 51 "http://localhost:8000/thruk/themes/Vautour/stylesheets/extinfo.css" "Mozilla/5.0 (X11; Ubuntu; Linux x86_64; rv:87.0) Gecko/20100101 Firefox/87.0"
172.18.0.1 - - [01/May/2021:16:41:52 +0000] "GET /thruk/side.html HTTP/1.1" 200 3389 "http://localhost:8000/thruk/startup.html?wait" "Mozilla/5.0 (X11; Ubuntu; Linux x86_64; rv:87.0) Gecko/20100101 Firefox/87.0"
172.18.0.1 - - [01/May/2021:16:41:52 +0000] "GET /thruk/themes/Vautour/stylesheets/common.css HTTP/1.1" 200 443 "http://localhost:8000/thruk/side.html" "Mozilla/5.0 (X11; Ubuntu; Linux x86_64; rv:87.0) Gecko/20100101 Firefox/87.0"
172.18.0.1 - - [01/May/2021:16:41:52 +0000] "GET /thruk/themes/Vautour/stylesheets/thruk_global.css HTTP/1.1" 200 6045 "http://localhost:8000/thruk/side.html" "Mozilla/5.0 (X11; Ubuntu; Linux x86_64; rv:87.0) Gecko/20100101 Firefox/87.0"
172.18.0.1 - - [01/May/2021:16:41:52 +0000] "GET /thruk/themes/Vautour/stylesheets/interface/menu.css HTTP/1.1" 200 596 "http://localhost:8000/thruk/side.html" "Mozilla/5.0 (X11; Ubuntu; Linux x86_64; rv:87.0) Gecko/20100101 Firefox/87.0"
172.18.0.1 - - [01/May/2021:16:41:52 +0000] "GET /thruk/themes/Vautour/stylesheets/interface/common.css HTTP/1.1" 200 511 "http://localhost:8000/thruk/side.html" "Mozilla/5.0 (X11; Ubuntu; Linux x86_64; rv:87.0) Gecko/20100101 Firefox/87.0"
172.18.0.1 - - [01/May/2021:16:41:52 +0000] "GET /thruk/javascript/all_in_one-2.18-1.js HTTP/1.1" 200 86773 "http://localhost:8000/thruk/side.html" "Mozilla/5.0 (X11; Ubuntu; Linux x86_64; rv:87.0) Gecko/20100101 Firefox/87.0"
172.18.0.1 - - [01/May/2021:16:41:52 +0000] "GET /thruk/themes/Vautour/images/interface/search.gif HTTP/1.1" 200 390 "http://localhost:8000/thruk/side.html" "Mozilla/5.0 (X11; Ubuntu; Linux x86_64; rv:87.0) Gecko/20100101 Firefox/87.0"
172.18.0.1 - - [01/May/2021:16:41:52 +0000] "GET /thruk/themes/Vautour/images/interface/bar.gif HTTP/1.1" 200 152 "http://localhost:8000/thruk/themes/Vautour/stylesheets/interface/menu.css" "Mozilla/5.0 (X11; Ubuntu; Linux x86_64; rv:87.0) Gecko/20100101 Firefox/87.0"
172.18.0.1 - - [01/May/2021:16:41:52 +0000] "GET /thruk/themes/Vautour/images/interface/menu_li1.gif HTTP/1.1" 304 - "http://localhost:8000/thruk/themes/Vautour/stylesheets/interface/menu.css" "Mozilla/5.0 (X11; Ubuntu; Linux x86_64; rv:87.0) Gecko/20100101 Firefox/87.0"
127.0.0.1 - - [01/May/2021:16:41:58 +0000] "OPTIONS * HTTP/1.0" 200 - "-" "Apache/2.4.6 (CentOS) mod_fcgid/2.3.9 PHP/5.4.16 (internal dummy connection)"
127.0.0.1 - thrukadmin [01/May/2021:16:41:58 +0000] "POST /thruk/cgi-bin/restricted.cgi HTTP/1.1" 200 15 "-" "thruk_auth"
172.18.0.1 - - [01/May/2021:16:41:58 +0000] "POST /thruk/cgi-bin/parts.cgi?part=_header_prefs HTTP/1.1" 200 811 "http://localhost:8000/thruk/cgi-bin/extinfo.cgi?type=1&host=localhost&backend=7215e&theme=&reload_nav=1" "Mozilla/5.0 (X11; Ubuntu; Linux x86_64; rv:87.0) Gecko/20100101 Firefox/87.0"
172.18.0.1 - - [01/May/2021:16:41:58 +0000] "GET /thruk/themes/Vautour/images/icon_minimize.gif HTTP/1.1" 200 76 "http://localhost:8000/thruk/cgi-bin/extinfo.cgi?type=1&host=localhost&backend=7215e&theme=&reload_nav=1" "Mozilla/5.0 (X11; Ubuntu; Linux x86_64; rv:87.0) Gecko/20100101 Firefox/87.0"
172.18.0.1 - - [01/May/2021:16:41:58 +0000] "GET /thruk/themes/Vautour/images/favicon_counter.png HTTP/1.1" 200 421 "http://localhost:8000/thruk/cgi-bin/extinfo.cgi?type=1&host=localhost&backend=7215e&theme=&reload_nav=1" "Mozilla/5.0 (X11; Ubuntu; Linux x86_64; rv:87.0) Gecko/20100101 Firefox/87.0"
172.18.0.1 - - [01/May/2021:16:41:58 +0000] "GET /thruk/themes/Vautour/images/sound_mute.png HTTP/1.1" 200 474 "http://localhost:8000/thruk/cgi-bin/extinfo.cgi?type=1&host=localhost&backend=7215e&theme=&reload_nav=1" "Mozilla/5.0 (X11; Ubuntu; Linux x86_64; rv:87.0) Gecko/20100101 Firefox/87.0"
172.18.0.1 - - [01/May/2021:16:41:58 +0000] "GET /thruk/themes/Vautour/images/page_white_picture.png HTTP/1.1" 200 650 "http://localhost:8000/thruk/cgi-bin/extinfo.cgi?type=1&host=localhost&backend=7215e&theme=&reload_nav=1" "Mozilla/5.0 (X11; Ubuntu; Linux x86_64; rv:87.0) Gecko/20100101 Firefox/87.0"
172.18.0.1 - - [01/May/2021:16:41:58 +0000] "GET /thruk/themes/Vautour/images/page_white_key.png HTTP/1.1" 200 616 "http://localhost:8000/thruk/cgi-bin/extinfo.cgi?type=1&host=localhost&backend=7215e&theme=&reload_nav=1" "Mozilla/5.0 (X11; Ubuntu; Linux x86_64; rv:87.0) Gecko/20100101 Firefox/87.0"
172.18.0.1 - - [01/May/2021:16:41:58 +0000] "GET /thruk/themes/Vautour/images/page_world.png HTTP/1.1" 200 903 "http://localhost:8000/thruk/cgi-bin/extinfo.cgi?type=1&host=localhost&backend=7215e&theme=&reload_nav=1" "Mozilla/5.0 (X11; Ubuntu; Linux x86_64; rv:87.0) Gecko/20100101 Firefox/87.0"
127.0.0.1 - - [01/May/2021:16:42:04 +0000] "OPTIONS * HTTP/1.0" 200 - "-" "Apache/2.4.6 (CentOS) mod_fcgid/2.3.9 PHP/5.4.16 (internal dummy connection)"
127.0.0.1 - thrukadmin [01/May/2021:16:43:28 +0000] "POST /thruk/cgi-bin/restricted.cgi HTTP/1.1" 200 15 "-" "thruk_auth"
172.18.0.1 - - [01/May/2021:16:43:28 +0000] "GET /thruk/cgi-bin/extinfo.cgi?type=1&host=localhost&backend=7215e&theme=&reload_nav=1&_=1619887408631 HTTP/1.1" 200 5076 "http://localhost:8000/thruk/cgi-bin/extinfo.cgi?type=1&host=localhost&backend=7215e&theme=&reload_nav=1" "Mozilla/5.0 (X11; Ubuntu; Linux x86_64; rv:87.0) Gecko/20100101 Firefox/87.0"
172.18.0.1 - - [01/May/2021:16:43:28 +0000] "GET /thruk/side.html HTTP/1.1" 200 3389 "http://localhost:8000/thruk/startup.html?wait" "Mozilla/5.0 (X11; Ubuntu; Linux x86_64; rv:87.0) Gecko/20100101 Firefox/87.0"
172.18.0.1 - - [01/May/2021:16:43:28 +0000] "GET /thruk/javascript/all_in_one-2.18-1.js HTTP/1.1" 200 86773 "http://localhost:8000/thruk/side.html" "Mozilla/5.0 (X11; Ubuntu; Linux x86_64; rv:87.0) Gecko/20100101 Firefox/87.0"
172.18.0.1 - - [01/May/2021:16:43:28 +0000] "GET /thruk/themes/Vautour/images/interface/search.gif HTTP/1.1" 304 - "http://localhost:8000/thruk/side.html" "Mozilla/5.0 (X11; Ubuntu; Linux x86_64; rv:87.0) Gecko/20100101 Firefox/87.0"
172.18.0.1 - - [01/May/2021:16:43:46 +0000] "GET /thruk/themes/Vautour/images/interface/menu_li2.gif HTTP/1.1" 200 51 "http://localhost:8000/thruk/themes/Vautour/stylesheets/interface/menu.css" "Mozilla/5.0 (X11; Ubuntu; Linux x86_64; rv:87.0) Gecko/20100101 Firefox/87.0"
127.0.0.1 - thrukadmin [01/May/2021:16:43:51 +0000] "POST /thruk/cgi-bin/restricted.cgi HTTP/1.1" 200 15 "-" "thruk_auth"
172.18.0.1 - - [01/May/2021:16:43:51 +0000] "POST /thruk/cgi-bin/parts.cgi?part=_header_prefs HTTP/1.1" 200 811 "http://localhost:8000/thruk/cgi-bin/extinfo.cgi?type=1&host=localhost&backend=7215e&theme=&reload_nav=1" "Mozilla/5.0 (X11; Ubuntu; Linux x86_64; rv:87.0) Gecko/20100101 Firefox/87.0"
127.0.0.1 - thrukadmin [01/May/2021:16:44:09 +0000] "POST /thruk/cgi-bin/restricted.cgi HTTP/1.1" 200 15 "-" "thruk_auth"
172.18.0.1 - - [01/May/2021:16:44:09 +0000] "GET /thruk/cgi-bin/extinfo.cgi?type=1&host=localhost&backend=7215e&theme=&reload_nav=1&_=1619887449673 HTTP/1.1" 200 5003 "http://localhost:8000/thruk/cgi-bin/extinfo.cgi?type=1&host=localhost&backend=7215e&theme=&reload_nav=1" "Mozilla/5.0 (X11; Ubuntu; Linux x86_64; rv:87.0) Gecko/20100101 Firefox/87.0"
172.18.0.1 - - [01/May/2021:16:44:09 +0000] "GET /thruk/javascript/all_in_one-2.18-1.js HTTP/1.1" 200 86773 "http://localhost:8000/thruk/cgi-bin/extinfo.cgi?type=1&host=localhost&backend=7215e&theme=&reload_nav=1&_=1619887449673" "Mozilla/5.0 (X11; Ubuntu; Linux x86_64; rv:87.0) Gecko/20100101 Firefox/87.0"
172.18.0.1 - - [01/May/2021:16:44:09 +0000] "GET /thruk/themes/Thruk2/images/delay.gif HTTP/1.1" 200 376 "http://localhost:8000/thruk/cgi-bin/extinfo.cgi?type=1&host=localhost&backend=7215e&theme=&reload_nav=1&_=1619887449673" "Mozilla/5.0 (X11; Ubuntu; Linux x86_64; rv:87.0) Gecko/20100101 Firefox/87.0"
172.18.0.1 - - [01/May/2021:16:44:09 +0000] "GET /thruk/themes/Thruk2/images/config.png HTTP/1.1" 304 - "http://localhost:8000/thruk/cgi-bin/extinfo.cgi?type=1&host=localhost&backend=7215e&theme=&reload_nav=1&_=1619887449673" "Mozilla/5.0 (X11; Ubuntu; Linux x86_64; rv:87.0) Gecko/20100101 Firefox/87.0"
172.18.0.1 - - [01/May/2021:16:44:09 +0000] "GET /thruk/themes/Thruk2/images/disabled.gif HTTP/1.1" 304 - "http://localhost:8000/thruk/cgi-bin/extinfo.cgi?type=1&host=localhost&backend=7215e&theme=&reload_nav=1&_=1619887449673" "Mozilla/5.0 (X11; Ubuntu; Linux x86_64; rv:87.0) Gecko/20100101 Firefox/87.0"
172.18.0.1 - - [01/May/2021:16:44:09 +0000] "GET /thruk/themes/Thruk2/images/enabled.gif HTTP/1.1" 304 - "http://localhost:8000/thruk/cgi-bin/extinfo.cgi?type=1&host=localhost&backend=7215e&theme=&reload_nav=1&_=1619887449673" "Mozilla/5.0 (X11; Ubuntu; Linux x86_64; rv:87.0) Gecko/20100101 Firefox/87.0"
172.18.0.1 - - [01/May/2021:16:44:09 +0000] "GET /thruk/themes/Thruk2/images/notify.gif HTTP/1.1" 304 - "http://localhost:8000/thruk/cgi-bin/extinfo.cgi?type=1&host=localhost&backend=7215e&theme=&reload_nav=1&_=1619887449673" "Mozilla/5.0 (X11; Ubuntu; Linux x86_64; rv:87.0) Gecko/20100101 Firefox/87.0"
172.18.0.1 - - [01/May/2021:16:44:09 +0000] "GET /thruk/themes/Thruk2/images/waiting.gif HTTP/1.1" 304 - "http://localhost:8000/thruk/cgi-bin/extinfo.cgi?type=1&host=localhost&backend=7215e&theme=&reload_nav=1&_=1619887449673" "Mozilla/5.0 (X11; Ubuntu; Linux x86_64; rv:87.0) Gecko/20100101 Firefox/87.0"
172.18.0.1 - - [01/May/2021:16:44:09 +0000] "GET /thruk/themes/Thruk2/images/status3.gif HTTP/1.1" 200 364 "http://localhost:8000/thruk/cgi-bin/extinfo.cgi?type=1&host=localhost&backend=7215e&theme=&reload_nav=1&_=1619887449673" "Mozilla/5.0 (X11; Ubuntu; Linux x86_64; rv:87.0) Gecko/20100101 Firefox/87.0"
