172.18.0.1 - - [01/May/2021:16:44:09 +0000] "GET /thruk/themes/Thruk2/images/comment.gif HTTP/1.1" 304 - "http://localhost:8000/thruk/cgi-bin/extinfo.cgi?type=1&host=localhost&backend=7215e&theme=&reload_nav=1&_=1619887449673" "Mozilla/5.0 (X11; Ubuntu; Linux x86_64; rv:87.0) Gecko/20100101 Firefox/87.0"
172.18.0.1 - - [01/May/2021:16:44:09 +0000] "GET /thruk/themes/Thruk2/images/delete.gif HTTP/1.1" 304 - "http://localhost:8000/thruk/cgi-bin/extinfo.cgi?type=1&host=localhost&backend=7215e&theme=&reload_nav=1&_=1619887449673" "Mozilla/5.0 (X11; Ubuntu; Linux x86_64; rv:87.0) Gecko/20100101 Firefox/87.0"
172.18.0.1 - - [01/May/2021:16:44:09 +0000] "GET /thruk/themes/Thruk2/images/passiveonly.gif HTTP/1.1" 200 152 "http://localhost:8000/thruk/cgi-bin/extinfo.cgi?type=1&host=localhost&backend=7215e&theme=&reload_nav=1&_=1619887449673" "Mozilla/5.0 (X11; Ubuntu; Linux x86_64; rv:87.0) Gecko/20100101 Firefox/87.0"
172.18.0.1 - - [01/May/2021:16:44:09 +0000] "GET /thruk/themes/Thruk2/images/ack.gif HTTP/1.1" 304 - "http://localhost:8000/thruk/cgi-bin/extinfo.cgi?type=1&host=localhost&backend=7215e&theme=&reload_nav=1&_=1619887449673" "Mozilla/5.0 (X11; Ubuntu; Linux x86_64; rv:87.0) Gecko/20100101 Firefox/87.0"
172.18.0.1 - - [01/May/2021:16:44:09 +0000] "GET /thruk/themes/Thruk2/images/downtime.gif HTTP/1.1" 304 - "http://localhost:8000/thruk/cgi-bin/extinfo.cgi?type=1&host=localhost&backend=7215e&theme=&reload_nav=1&_=1619887449673" "Mozilla/5.0 (X11; Ubuntu; Linux x86_64; rv:87.0) Gecko/20100101 Firefox/87.0"
172.18.0.1 - - [01/May/2021:16:44:09 +0000] "GET /thruk/themes/Thruk2/images/loading-icon.gif HTTP/1.1" 304 - "http://localhost:8000/thruk/cgi-bin/extinfo.cgi?type=1&host=localhost&backend=7215e&theme=&reload_nav=1&_=1619887449673" "Mozilla/5.0 (X11; Ubuntu; Linux x86_64; rv:87.0) Gecko/20100101 Firefox/87.0"
172.18.0.1 - - [01/May/2021:16:44:09 +0000] "GET /thruk/themes/Thruk2/fonts/roboto-v15-latin-regular.woff2 HTTP/1.1" 304 - "http://localhost:8000/thruk/themes/Thruk2/stylesheets/all_in_one-2.18-1.css" "Mozilla/5.0 (X11; Ubuntu; Linux x86_64; rv:87.0) Gecko/20100101 Firefox/87.0"
172.18.0.1 - - [01/May/2021:16:44:09 +0000] "GET /thruk/side.html HTTP/1.1" 200 3500 "http://localhost:8000/thruk/startup.html?wait" "Mozilla/5.0 (X11; Ubuntu; Linux x86_64; rv:87.0) Gecko/20100101 Firefox/87.0"
172.18.0.1 - - [01/May/2021:16:44:09 +0000] "GET /thruk/themes/Thruk2/fonts/MaterialIcons-Regular.woff2 HTTP/1.1" 304 - "http://localhost:8000/thruk/themes/Thruk2/stylesheets/all_in_one-2.18-1.css" "Mozilla/5.0 (X11; Ubuntu; Linux x86_64; rv:87.0) Gecko/20100101 Firefox/87.0"
172.18.0.1 - - [01/May/2021:16:44:09 +0000] "GET /thruk/themes/Thruk2/fonts/roboto-v15-latin-700.woff2 HTTP/1.1" 304 - "http://localhost:8000/thruk/themes/Thruk2/stylesheets/all_in_one-2.18-1.css" "Mozilla/5.0 (X11; Ubuntu; Linux x86_64; rv:87.0) Gecko/20100101 Firefox/87.0"
172.18.0.1 - - [01/May/2021:16:44:09 +0000] "GET /thruk/javascript/all_in_one-2.18-1.js HTTP/1.1" 200 86773 "http://localhost:8000/thruk/side.html" "Mozilla/5.0 (X11; Ubuntu; Linux x86_64; rv:87.0) Gecko/20100101 Firefox/87.0"
172.18.0.1 - - [01/May/2021:16:44:09 +0000] "GET /thruk/themes/Thruk2/images/logo_thruk_small.png HTTP/1.1" 304 - "http://localhost:8000/thruk/side.html" "Mozilla/5.0 (X11; Ubuntu; Linux x86_64; rv:87.0) Gecko/20100101 Firefox/87.0"
127.0.0.1 - - [01/May/2021:16:44:15 +0000] "OPTIONS * HTTP/1.0" 200 - "-" "Apache/2.4.6 (CentOS) mod_fcgid/2.3.9 PHP/5.4.16 (internal dummy connection)"
127.0.0.1 - thrukadmin [01/May/2021:16:44:29 +0000] "POST /thruk/cgi-bin/restricted.cgi HTTP/1.1" 200 15 "-" "thruk_auth"
172.18.0.1 - - [01/May/2021:16:44:29 +0000] "GET /thruk/ HTTP/1.1" 200 1790 "-" "Mozilla/5.0 (X11; Ubuntu; Linux x86_64; rv:87.0) Gecko/20100101 Firefox/87.0"
172.18.0.1 - - [01/May/2021:16:44:29 +0000] "GET /thruk/themes/Thruk2/images/favicon-32x32.png HTTP/1.1" 304 - "http://localhost:8000/thruk/" "Mozilla/5.0 (X11; Ubuntu; Linux x86_64; rv:87.0) Gecko/20100101 Firefox/87.0"
172.18.0.1 - - [01/May/2021:16:44:29 +0000] "GET /thruk/side.html HTTP/1.1" 200 3500 "http://localhost:8000/thruk/" "Mozilla/5.0 (X11; Ubuntu; Linux x86_64; rv:87.0) Gecko/20100101 Firefox/87.0"
172.18.0.1 - - [01/May/2021:16:44:29 +0000] "GET /thruk/javascript/cal/jscal2.css HTTP/1.1" 200 1551 "http://localhost:8000/thruk/side.html" "Mozilla/5.0 (X11; Ubuntu; Linux x86_64; rv:87.0) Gecko/20100101 Firefox/87.0"
172.18.0.1 - - [01/May/2021:16:44:29 +0000] "GET /thruk/themes/Thruk2/stylesheets/all_in_one-2.18-1.css HTTP/1.1" 200 10289 "http://localhost:8000/thruk/side.html" "Mozilla/5.0 (X11; Ubuntu; Linux x86_64; rv:87.0) Gecko/20100101 Firefox/87.0"
172.18.0.1 - - [01/May/2021:16:44:29 +0000] "GET /thruk/themes/Thruk2/images/bg.png HTTP/1.1" 304 - "http://localhost:8000/thruk/themes/Thruk2/stylesheets/all_in_one-2.18-1.css" "Mozilla/5.0 (X11; Ubuntu; Linux x86_64; rv:87.0) Gecko/20100101 Firefox/87.0"
172.18.0.1 - - [01/May/2021:16:44:29 +0000] "GET /thruk/themes/Thruk2/images/btn_close_small.png HTTP/1.1" 304 - "http://localhost:8000/thruk/themes/Thruk2/stylesheets/all_in_one-2.18-1.css" "Mozilla/5.0 (X11; Ubuntu; Linux x86_64; rv:87.0) Gecko/20100101 Firefox/87.0"
172.18.0.1 - - [01/May/2021:16:44:29 +0000] "GET /thruk/main.html HTTP/1.1" 200 2451 "http://localhost:8000/thruk/" "Mozilla/5.0 (X11; Ubuntu; Linux x86_64; rv:87.0) Gecko/20100101 Firefox/87.0"
172.18.0.1 - - [01/May/2021:16:44:30 +0000] "GET /thruk/themes/Thruk2/images/logo_thruk.png HTTP/1.1" 304 - "http://localhost:8000/thruk/main.html" "Mozilla/5.0 (X11; Ubuntu; Linux x86_64; rv:87.0) Gecko/20100101 Firefox/87.0"
172.18.0.1 - - [01/May/2021:16:44:30 +0000] "GET /thruk/themes/Thruk2/images/logo_thruk_mid.png HTTP/1.1" 304 - "http://localhost:8000/thruk/main.html" "Mozilla/5.0 (X11; Ubuntu; Linux x86_64; rv:87.0) Gecko/20100101 Firefox/87.0"
172.18.0.1 - - [01/May/2021:16:44:30 +0000] "GET /thruk/themes/Thruk2/images/github.png HTTP/1.1" 304 - "http://localhost:8000/thruk/main.html" "Mozilla/5.0 (X11; Ubuntu; Linux x86_64; rv:87.0) Gecko/20100101 Firefox/87.0"
172.18.0.1 - - [01/May/2021:16:45:34 +0000] "GET /thruk HTTP/1.1" 302 212 "-" "Mozilla/5.0 (X11; Ubuntu; Linux x86_64; rv:87.0) Gecko/20100101 Firefox/87.0"
172.18.0.1 - - [01/May/2021:16:45:34 +0000] "GET /thruk/ HTTP/1.1" 302 236 "-" "Mozilla/5.0 (X11; Ubuntu; Linux x86_64; rv:87.0) Gecko/20100101 Firefox/87.0"
172.18.0.1 - - [01/May/2021:16:45:34 +0000] "GET /thruk/cgi-bin/login.cgi?thruk/ HTTP/1.1" 200 2650 "-" "Mozilla/5.0 (X11; Ubuntu; Linux x86_64; rv:87.0) Gecko/20100101 Firefox/87.0"
172.18.0.1 - - [01/May/2021:16:45:34 +0000] "GET /thruk/themes/Thruk2/stylesheets/all_in_one-2.18-1.css HTTP/1.1" 200 10289 "http://localhost:8000/thruk/cgi-bin/login.cgi?thruk/" "Mozilla/5.0 (X11; Ubuntu; Linux x86_64; rv:87.0) Gecko/20100101 Firefox/87.0"
172.18.0.1 - - [01/May/2021:16:45:34 +0000] "GET /thruk/javascript/cal/jscal2.css HTTP/1.1" 200 1551 "http://localhost:8000/thruk/cgi-bin/login.cgi?thruk/" "Mozilla/5.0 (X11; Ubuntu; Linux x86_64; rv:87.0) Gecko/20100101 Firefox/87.0"
172.18.0.1 - - [01/May/2021:16:45:34 +0000] "GET /thruk/javascript/all_in_one-2.18-1.js HTTP/1.1" 200 86773 "http://localhost:8000/thruk/cgi-bin/login.cgi?thruk/" "Mozilla/5.0 (X11; Ubuntu; Linux x86_64; rv:87.0) Gecko/20100101 Firefox/87.0"
172.18.0.1 - - [01/May/2021:16:45:34 +0000] "GET /thruk/themes/Thruk2/images/github.png HTTP/1.1" 200 5101 "http://localhost:8000/thruk/cgi-bin/login.cgi?thruk/" "Mozilla/5.0 (X11; Ubuntu; Linux x86_64; rv:87.0) Gecko/20100101 Firefox/87.0"
172.18.0.1 - - [01/May/2021:16:45:34 +0000] "GET /thruk/themes/Thruk2/images/logo_thruk.png HTTP/1.1" 200 7273 "http://localhost:8000/thruk/cgi-bin/login.cgi?thruk/" "Mozilla/5.0 (X11; Ubuntu; Linux x86_64; rv:87.0) Gecko/20100101 Firefox/87.0"
172.18.0.1 - - [01/May/2021:16:45:34 +0000] "GET /thruk/themes/Thruk2/images/logo_thruk_mid.png HTTP/1.1" 200 4150 "http://localhost:8000/thruk/cgi-bin/login.cgi?thruk/" "Mozilla/5.0 (X11; Ubuntu; Linux x86_64; rv:87.0) Gecko/20100101 Firefox/87.0"
172.18.0.1 - - [01/May/2021:16:45:34 +0000] "GET /thruk/themes/Thruk2/fonts/roboto-v15-latin-regular.woff2 HTTP/1.1" 200 14584 "http://localhost:8000/thruk/themes/Thruk2/stylesheets/all_in_one-2.18-1.css" "Mozilla/5.0 (X11; Ubuntu; Linux x86_64; rv:87.0) Gecko/20100101 Firefox/87.0"
172.18.0.1 - - [01/May/2021:16:45:34 +0000] "GET /thruk/themes/Thruk2/fonts/roboto-v15-latin-700.woff2 HTTP/1.1" 200 14552 "http://localhost:8000/thruk/themes/Thruk2/stylesheets/all_in_one-2.18-1.css" "Mozilla/5.0 (X11; Ubuntu; Linux x86_64; rv:87.0) Gecko/20100101 Firefox/87.0"
172.18.0.1 - - [01/May/2021:16:45:34 +0000] "GET /thruk/themes/Thruk2/images/favicon.ico HTTP/1.1" 200 1150 "http://localhost:8000/thruk/cgi-bin/login.cgi?thruk/" "Mozilla/5.0 (X11; Ubuntu; Linux x86_64; rv:87.0) Gecko/20100101 Firefox/87.0"
127.0.0.1 - - [01/May/2021:16:45:38 +0000] "POST /thruk/cgi-bin/restricted.cgi HTTP/1.1" 401 381 "-" "thruk_auth"
127.0.0.1 - - [01/May/2021:16:45:38 +0000] "POST /thruk/cgi-bin/restricted.cgi HTTP/1.1" 401 381 "-" "thruk_auth"
127.0.0.1 - thrukadmin [01/May/2021:16:45:38 +0000] "POST /thruk/cgi-bin/restricted.cgi HTTP/1.1" 200 15 "-" "thruk_auth"
172.18.0.1 - - [01/May/2021:16:45:38 +0000] "POST /thruk/cgi-bin/login.cgi HTTP/1.1" 302 19 "http://localhost:8000/thruk/cgi-bin/login.cgi?thruk/" "Mozilla/5.0 (X11; Ubuntu; Linux x86_64; rv:87.0) Gecko/20100101 Firefox/87.0"
127.0.0.1 - thrukadmin [01/May/2021:16:45:40 +0000] "POST /thruk/cgi-bin/restricted.cgi HTTP/1.1" 200 15 "-" "thruk_auth"
172.18.0.1 - - [01/May/2021:16:45:40 +0000] "GET /thruk/ HTTP/1.1" 200 1790 "http://localhost:8000/thruk/cgi-bin/login.cgi?thruk/" "Mozilla/5.0 (X11; Ubuntu; Linux x86_64; rv:87.0) Gecko/20100101 Firefox/87.0"
172.18.0.1 - - [01/May/2021:16:45:40 +0000] "GET /thruk/side.html HTTP/1.1" 200 3500 "http://localhost:8000/thruk/" "Mozilla/5.0 (X11; Ubuntu; Linux x86_64; rv:87.0) Gecko/20100101 Firefox/87.0"
172.18.0.1 - - [01/May/2021:16:45:40 +0000] "GET /thruk/themes/Thruk2/images/favicon-32x32.png HTTP/1.1" 200 910 "http://localhost:8000/thruk/" "Mozilla/5.0 (X11; Ubuntu; Linux x86_64; rv:87.0) Gecko/20100101 Firefox/87.0"
172.18.0.1 - - [01/May/2021:16:45:40 +0000] "GET /thruk/javascript/cal/jscal2.css HTTP/1.1" 200 1551 "http://localhost:8000/thruk/side.html" "Mozilla/5.0 (X11; Ubuntu; Linux x86_64; rv:87.0) Gecko/20100101 Firefox/87.0"
172.18.0.1 - - [01/May/2021:16:45:40 +0000] "GET /thruk/themes/Thruk2/stylesheets/all_in_one-2.18-1.css HTTP/1.1" 200 10289 "http://localhost:8000/thruk/side.html" "Mozilla/5.0 (X11; Ubuntu; Linux x86_64; rv:87.0) Gecko/20100101 Firefox/87.0"
172.18.0.1 - - [01/May/2021:16:45:40 +0000] "GET /thruk/main.html HTTP/1.1" 200 2480 "http://localhost:8000/thruk/" "Mozilla/5.0 (X11; Ubuntu; Linux x86_64; rv:87.0) Gecko/20100101 Firefox/87.0"
172.18.0.1 - - [01/May/2021:16:45:40 +0000] "GET /thruk/themes/vautour/stylesheets/common.css HTTP/1.1" 404 241 "http://localhost:8000/thruk/main.html" "Mozilla/5.0 (X11; Ubuntu; Linux x86_64; rv:87.0) Gecko/20100101 Firefox/87.0"
172.18.0.1 - - [01/May/2021:16:45:40 +0000] "GET /thruk/themes/vautour/stylesheets/splashpage.css HTTP/1.1" 404 245 "http://localhost:8000/thruk/main.html" "Mozilla/5.0 (X11; Ubuntu; Linux x86_64; rv:87.0) Gecko/20100101 Firefox/87.0"
172.18.0.1 - - [01/May/2021:16:45:40 +0000] "GET /thruk/themes/vautour/stylesheets/thruk_global.css HTTP/1.1" 404 247 "http://localhost:8000/thruk/main.html" "Mozilla/5.0 (X11; Ubuntu; Linux x86_64; rv:87.0) Gecko/20100101 Firefox/87.0"
172.18.0.1 - - [01/May/2021:16:45:40 +0000] "GET /thruk/themes/vautour/stylesheets/vautour.css HTTP/1.1" 404 242 "http://localhost:8000/thruk/main.html" "Mozilla/5.0 (X11; Ubuntu; Linux x86_64; rv:87.0) Gecko/20100101 Firefox/87.0"
172.18.0.1 - - [01/May/2021:16:45:40 +0000] "GET /thruk/themes/vautour/images/logo_thruk.png HTTP/1.1" 404 240 "http://localhost:8000/thruk/main.html" "Mozilla/5.0 (X11; Ubuntu; Linux x86_64; rv:87.0) Gecko/20100101 Firefox/87.0"
172.18.0.1 - - [01/May/2021:16:45:40 +0000] "GET /thruk/themes/vautour/images/logo_thruk_mid.png HTTP/1.1" 404 244 "http://localhost:8000/thruk/main.html" "Mozilla/5.0 (X11; Ubuntu; Linux x86_64; rv:87.0) Gecko/20100101 Firefox/87.0"
172.18.0.1 - - [01/May/2021:16:45:40 +0000] "GET /thruk/javascript/all_in_one-2.18-1.js HTTP/1.1" 200 86773 "http://localhost:8000/thruk/side.html" "Mozilla/5.0 (X11; Ubuntu; Linux x86_64; rv:87.0) Gecko/20100101 Firefox/87.0"
172.18.0.1 - - [01/May/2021:16:45:40 +0000] "GET /thruk/themes/Thruk2/images/logo_thruk_small.png HTTP/1.1" 200 3751 "http://localhost:8000/thruk/side.html" "Mozilla/5.0 (X11; Ubuntu; Linux x86_64; rv:87.0) Gecko/20100101 Firefox/87.0"
172.18.0.1 - - [01/May/2021:16:45:40 +0000] "GET /thruk/themes/vautour/images/loading-icon.gif HTTP/1.1" 404 242 "http://localhost:8000/thruk/main.html" "Mozilla/5.0 (X11; Ubuntu; Linux x86_64; rv:87.0) Gecko/20100101 Firefox/87.0"
172.18.0.1 - - [01/May/2021:16:45:40 +0000] "GET /thruk/themes/vautour/images/github.png HTTP/1.1" 404 236 "http://localhost:8000/thruk/main.html" "Mozilla/5.0 (X11; Ubuntu; Linux x86_64; rv:87.0) Gecko/20100101 Firefox/87.0"
172.18.0.1 - - [01/May/2021:16:45:40 +0000] "GET /thruk/themes/vautour/images/waiting.gif HTTP/1.1" 404 237 "http://localhost:8000/thruk/main.html" "Mozilla/5.0 (X11; Ubuntu; Linux x86_64; rv:87.0) Gecko/20100101 Firefox/87.0"
172.18.0.1 - - [01/May/2021:16:45:40 +0000] "GET /thruk/javascript/all_in_one-2.18-1.js HTTP/1.1" 200 86773 "http://localhost:8000/thruk/main.html" "Mozilla/5.0 (X11; Ubuntu; Linux x86_64; rv:87.0) Gecko/20100101 Firefox/87.0"
172.18.0.1 - - [01/May/2021:16:45:40 +0000] "GET /thruk/themes/Thruk2/images/bg.png HTTP/1.1" 200 159 "http://localhost:8000/thruk/themes/Thruk2/stylesheets/all_in_one-2.18-1.css" "Mozilla/5.0 (X11; Ubuntu; Linux x86_64; rv:87.0) Gecko/20100101 Firefox/87.0"
172.18.0.1 - - [01/May/2021:16:45:40 +0000] "GET /thruk/themes/vautour/images/logo_thruk.png HTTP/1.1" 404 240 "http://localhost:8000/thruk/main.html" "Mozilla/5.0 (X11; Ubuntu; Linux x86_64; rv:87.0) Gecko/20100101 Firefox/87.0"
172.18.0.1 - - [01/May/2021:16:45:40 +0000] "GET /thruk/themes/vautour/images/logo_thruk_mid.png HTTP/1.1" 404 244 "http://localhost:8000/thruk/main.html" "Mozilla/5.0 (X11; Ubuntu; Linux x86_64; rv:87.0) Gecko/20100101 Firefox/87.0"
172.18.0.1 - - [01/May/2021:16:45:40 +0000] "GET /thruk/themes/vautour/images/github.png HTTP/1.1" 404 236 "http://localhost:8000/thruk/main.html" "Mozilla/5.0 (X11; Ubuntu; Linux x86_64; rv:87.0) Gecko/20100101 Firefox/87.0"
172.18.0.1 - - [01/May/2021:16:45:40 +0000] "GET /thruk/themes/vautour/images/loading-icon.gif HTTP/1.1" 404 242 "http://localhost:8000/thruk/main.html" "Mozilla/5.0 (X11; Ubuntu; Linux x86_64; rv:87.0) Gecko/20100101 Firefox/87.0"
172.18.0.1 - - [01/May/2021:16:45:40 +0000] "GET /thruk/themes/vautour/images/waiting.gif HTTP/1.1" 404 237 "http://localhost:8000/thruk/main.html" "Mozilla/5.0 (X11; Ubuntu; Linux x86_64; rv:87.0) Gecko/20100101 Firefox/87.0"
172.18.0.1 - - [01/May/2021:16:45:40 +0000] "GET /thruk/themes/Thruk2/images/btn_close_small.png HTTP/1.1" 200 213 "http://localhost:8000/thruk/themes/Thruk2/stylesheets/all_in_one-2.18-1.css" "Mozilla/5.0 (X11; Ubuntu; Linux x86_64; rv:87.0) Gecko/20100101 Firefox/87.0"
127.0.0.1 - thrukadmin [01/May/2021:16:45:50 +0000] "POST /thruk/cgi-bin/restricted.cgi HTTP/1.1" 200 15 "-" "thruk_auth"
172.18.0.1 - - [01/May/2021:16:45:50 +0000] "GET /thruk/cgi-bin/status.cgi?hostgroup=all&style=hostdetail HTTP/1.1" 200 11748 "http://localhost:8000/thruk/side.html" "Mozilla/5.0 (X11; Ubuntu; Linux x86_64; rv:87.0) Gecko/20100101 Firefox/87.0"
172.18.0.1 - - [01/May/2021:16:45:50 +0000] "GET /thruk/themes/Thruk2/images/icon_minimize.gif HTTP/1.1" 200 585 "http://localhost:8000/thruk/cgi-bin/status.cgi?hostgroup=all&style=hostdetail" "Mozilla/5.0 (X11; Ubuntu; Linux x86_64; rv:87.0) Gecko/20100101 Firefox/87.0"
172.18.0.1 - - [01/May/2021:16:45:50 +0000] "GET /thruk/themes/Thruk2/images/btn_close.png HTTP/1.1" 200 213 "http://localhost:8000/thruk/cgi-bin/status.cgi?hostgroup=all&style=hostdetail" "Mozilla/5.0 (X11; Ubuntu; Linux x86_64; rv:87.0) Gecko/20100101 Firefox/87.0"
172.18.0.1 - - [01/May/2021:16:45:50 +0000] "GET /thruk/themes/Thruk2/images/calendar.png HTTP/1.1" 200 240 "http://localhost:8000/thruk/cgi-bin/status.cgi?hostgroup=all&style=hostdetail" "Mozilla/5.0 (X11; Ubuntu; Linux x86_64; rv:87.0) Gecko/20100101 Firefox/87.0"
172.18.0.1 - - [01/May/2021:16:45:50 +0000] "GET /thruk/themes/Thruk2/images/right.png HTTP/1.1" 200 166 "http://localhost:8000/thruk/cgi-bin/status.cgi?hostgroup=all&style=hostdetail" "Mozilla/5.0 (X11; Ubuntu; Linux x86_64; rv:87.0) Gecko/20100101 Firefox/87.0"
172.18.0.1 - - [01/May/2021:16:45:50 +0000] "GET /thruk/themes/Thruk2/images/waiting.gif HTTP/1.1" 200 5552 "http://localhost:8000/thruk/cgi-bin/status.cgi?hostgroup=all&style=hostdetail" "Mozilla/5.0 (X11; Ubuntu; Linux x86_64; rv:87.0) Gecko/20100101 Firefox/87.0"
172.18.0.1 - - [01/May/2021:16:45:50 +0000] "GET /thruk/themes/Thruk2/images/down.png HTTP/1.1" 200 164 "http://localhost:8000/thruk/cgi-bin/status.cgi?hostgroup=all&style=hostdetail" "Mozilla/5.0 (X11; Ubuntu; Linux x86_64; rv:87.0) Gecko/20100101 Firefox/87.0"
172.18.0.1 - - [01/May/2021:16:45:50 +0000] "GET /thruk/themes/Thruk2/images/up.gif HTTP/1.1" 200 56 "http://localhost:8000/thruk/cgi-bin/status.cgi?hostgroup=all&style=hostdetail" "Mozilla/5.0 (X11; Ubuntu; Linux x86_64; rv:87.0) Gecko/20100101 Firefox/87.0"
172.18.0.1 - - [01/May/2021:16:45:50 +0000] "GET /thruk/themes/Thruk2/images/down.gif HTTP/1.1" 200 56 "http://localhost:8000/thruk/cgi-bin/status.cgi?hostgroup=all&style=hostdetail" "Mozilla/5.0 (X11; Ubuntu; Linux x86_64; rv:87.0) Gecko/20100101 Firefox/87.0"
172.18.0.1 - - [01/May/2021:16:45:50 +0000] "GET /thruk/themes/Thruk2/images/status2.gif HTTP/1.1" 200 141 "http://localhost:8000/thruk/cgi-bin/status.cgi?hostgroup=all&style=hostdetail" "Mozilla/5.0 (X11; Ubuntu; Linux x86_64; rv:87.0) Gecko/20100101 Firefox/87.0"
172.18.0.1 - - [01/May/2021:16:45:50 +0000] "GET /thruk/themes/Thruk2/images/loading-icon.gif HTTP/1.1" 200 4488 "http://localhost:8000/thruk/cgi-bin/status.cgi?hostgroup=all&style=hostdetail" "Mozilla/5.0 (X11; Ubuntu; Linux x86_64; rv:87.0) Gecko/20100101 Firefox/87.0"
172.18.0.1 - - [01/May/2021:16:45:50 +0000] "GET /thruk/themes/Thruk2/images/config.png HTTP/1.1" 200 285 "http://localhost:8000/thruk/cgi-bin/status.cgi?hostgroup=all&style=hostdetail" "Mozilla/5.0 (X11; Ubuntu; Linux x86_64; rv:87.0) Gecko/20100101 Firefox/87.0"
172.18.0.1 - - [01/May/2021:16:45:50 +0000] "GET /thruk/themes/Thruk2/images/accept.png HTTP/1.1" 200 563 "http://localhost:8000/thruk/cgi-bin/status.cgi?hostgroup=all&style=hostdetail" "Mozilla/5.0 (X11; Ubuntu; Linux x86_64; rv:87.0) Gecko/20100101 Firefox/87.0"
172.18.0.1 - - [01/May/2021:16:45:50 +0000] "GET /thruk/themes/Thruk2/images/minus.gif HTTP/1.1" 200 378 "http://localhost:8000/thruk/cgi-bin/status.cgi?hostgroup=all&style=hostdetail" "Mozilla/5.0 (X11; Ubuntu; Linux x86_64; rv:87.0) Gecko/20100101 Firefox/87.0"
172.18.0.1 - - [01/May/2021:16:45:50 +0000] "GET /thruk/themes/Thruk2/images/remove.png HTTP/1.1" 200 169 "http://localhost:8000/thruk/cgi-bin/status.cgi?hostgroup=all&style=hostdetail" "Mozilla/5.0 (X11; Ubuntu; Linux x86_64; rv:87.0) Gecko/20100101 Firefox/87.0"
172.18.0.1 - - [01/May/2021:16:45:50 +0000] "GET /thruk/themes/Thruk2/images/icon_maximize.gif HTTP/1.1" 200 586 "http://localhost:8000/thruk/cgi-bin/status.cgi?hostgroup=all&style=hostdetail" "Mozilla/5.0 (X11; Ubuntu; Linux x86_64; rv:87.0) Gecko/20100101 Firefox/87.0"
172.18.0.1 - - [01/May/2021:16:45:50 +0000] "GET /thruk/themes/Thruk2/images/delay.gif HTTP/1.1" 200 376 "http://localhost:8000/thruk/cgi-bin/status.cgi?hostgroup=all&style=hostdetail" "Mozilla/5.0 (X11; Ubuntu; Linux x86_64; rv:87.0) Gecko/20100101 Firefox/87.0"
172.18.0.1 - - [01/May/2021:16:45:50 +0000] "GET /thruk/themes/Thruk2/images/downtime.gif HTTP/1.1" 200 416 "http://localhost:8000/thruk/cgi-bin/status.cgi?hostgroup=all&style=hostdetail" "Mozilla/5.0 (X11; Ubuntu; Linux x86_64; rv:87.0) Gecko/20100101 Firefox/87.0"
172.18.0.1 - - [01/May/2021:16:45:50 +0000] "GET /thruk/themes/Thruk2/images/delete.gif HTTP/1.1" 200 163 "http://localhost:8000/thruk/cgi-bin/status.cgi?hostgroup=all&style=hostdetail" "Mozilla/5.0 (X11; Ubuntu; Linux x86_64; rv:87.0) Gecko/20100101 Firefox/87.0"
172.18.0.1 - - [01/May/2021:16:45:50 +0000] "GET /thruk/themes/Thruk2/images/comment.gif HTTP/1.1" 200 149 "http://localhost:8000/thruk/cgi-bin/status.cgi?hostgroup=all&style=hostdetail" "Mozilla/5.0 (X11; Ubuntu; Linux x86_64; rv:87.0) Gecko/20100101 Firefox/87.0"
172.18.0.1 - - [01/May/2021:16:45:50 +0000] "GET /thruk/themes/Thruk2/images/ack.gif HTTP/1.1" 200 122 "http://localhost:8000/thruk/cgi-bin/status.cgi?hostgroup=all&style=hostdetail" "Mozilla/5.0 (X11; Ubuntu; Linux x86_64; rv:87.0) Gecko/20100101 Firefox/87.0"
172.18.0.1 - - [01/May/2021:16:45:50 +0000] "GET /thruk/themes/Thruk2/images/noack.gif HTTP/1.1" 200 215 "http://localhost:8000/thruk/cgi-bin/status.cgi?hostgroup=all&style=hostdetail" "Mozilla/5.0 (X11; Ubuntu; Linux x86_64; rv:87.0) Gecko/20100101 Firefox/87.0"
172.18.0.1 - - [01/May/2021:16:45:50 +0000] "GET /thruk/themes/Thruk2/images/enabled.gif HTTP/1.1" 200 636 "http://localhost:8000/thruk/cgi-bin/status.cgi?hostgroup=all&style=hostdetail" "Mozilla/5.0 (X11; Ubuntu; Linux x86_64; rv:87.0) Gecko/20100101 Firefox/87.0"
172.18.0.1 - - [01/May/2021:16:45:50 +0000] "GET /thruk/themes/Thruk2/images/disabled.gif HTTP/1.1" 200 676 "http://localhost:8000/thruk/cgi-bin/status.cgi?hostgroup=all&style=hostdetail" "Mozilla/5.0 (X11; Ubuntu; Linux x86_64; rv:87.0) Gecko/20100101 Firefox/87.0"
172.18.0.1 - - [01/May/2021:16:45:50 +0000] "GET /thruk/themes/Thruk2/images/passiveonly.gif HTTP/1.1" 200 152 "http://localhost:8000/thruk/cgi-bin/status.cgi?hostgroup=all&style=hostdetail" "Mozilla/5.0 (X11; Ubuntu; Linux x86_64; rv:87.0) Gecko/20100101 Firefox/87.0"
172.18.0.1 - - [01/May/2021:16:45:50 +0000] "GET /thruk/themes/Thruk2/fonts/MaterialIcons-Regular.woff2 HTTP/1.1" 200 44300 "http://localhost:8000/thruk/themes/Thruk2/stylesheets/all_in_one-2.18-1.css" "Mozilla/5.0 (X11; Ubuntu; Linux x86_64; rv:87.0) Gecko/20100101 Firefox/87.0"
172.18.0.1 - - [01/May/2021:16:45:51 +0000] "GET /thruk/javascript/jquery-ui/css/smoothness/jquery-ui-1.10.3.custom.min.css HTTP/1.1" 200 5314 "http://localhost:8000/thruk/cgi-bin/status.cgi?hostgroup=all&style=hostdetail" "Mozilla/5.0 (X11; Ubuntu; Linux x86_64; rv:87.0) Gecko/20100101 Firefox/87.0"
172.18.0.1 - - [01/May/2021:16:45:51 +0000] "GET /thruk/javascript/jquery-ui/js/jquery-ui-1.10.3.custom.min.js HTTP/1.1" 200 60504 "http://localhost:8000/thruk/cgi-bin/status.cgi?hostgroup=all&style=hostdetail" "Mozilla/5.0 (X11; Ubuntu; Linux x86_64; rv:87.0) Gecko/20100101 Firefox/87.0"
127.0.0.1 - - [01/May/2021:16:45:57 +0000] "OPTIONS * HTTP/1.0" 200 - "-" "Apache/2.4.6 (CentOS) mod_fcgid/2.3.9 PHP/5.4.16 (internal dummy connection)"
127.0.0.1 - thrukadmin [01/May/2021:16:45:58 +0000] "POST /thruk/cgi-bin/restricted.cgi HTTP/1.1" 200 15 "-" "thruk_auth"
172.18.0.1 - - [01/May/2021:16:45:58 +0000] "POST /thruk/cgi-bin/parts.cgi?part=_header_prefs HTTP/1.1" 200 807 "http://localhost:8000/thruk/cgi-bin/status.cgi?hostgroup=all&style=hostdetail" "Mozilla/5.0 (X11; Ubuntu; Linux x86_64; rv:87.0) Gecko/20100101 Firefox/87.0"
172.18.0.1 - - [01/May/2021:16:45:58 +0000] "GET /thruk/themes/vautour/images/icon_minimize.gif HTTP/1.1" 404 243 "http://localhost:8000/thruk/cgi-bin/status.cgi?hostgroup=all&style=hostdetail" "Mozilla/5.0 (X11; Ubuntu; Linux x86_64; rv:87.0) Gecko/20100101 Firefox/87.0"
172.18.0.1 - - [01/May/2021:16:45:58 +0000] "GET /thruk/themes/vautour/images/page_white_picture.png HTTP/1.1" 404 248 "http://localhost:8000/thruk/cgi-bin/status.cgi?hostgroup=all&style=hostdetail" "Mozilla/5.0 (X11; Ubuntu; Linux x86_64; rv:87.0) Gecko/20100101 Firefox/87.0"
172.18.0.1 - - [01/May/2021:16:45:58 +0000] "GET /thruk/themes/vautour/images/sound_mute.png HTTP/1.1" 404 240 "http://localhost:8000/thruk/cgi-bin/status.cgi?hostgroup=all&style=hostdetail" "Mozilla/5.0 (X11; Ubuntu; Linux x86_64; rv:87.0) Gecko/20100101 Firefox/87.0"
172.18.0.1 - - [01/May/2021:16:45:58 +0000] "GET /thruk/themes/vautour/images/favicon_counter.png HTTP/1.1" 404 245 "http://localhost:8000/thruk/cgi-bin/status.cgi?hostgroup=all&style=hostdetail" "Mozilla/5.0 (X11; Ubuntu; Linux x86_64; rv:87.0) Gecko/20100101 Firefox/87.0"
172.18.0.1 - - [01/May/2021:16:45:58 +0000] "GET /thruk/themes/vautour/images/page_white_key.png HTTP/1.1" 404 244 "http://localhost:8000/thruk/cgi-bin/status.cgi?hostgroup=all&style=hostdetail" "Mozilla/5.0 (X11; Ubuntu; Linux x86_64; rv:87.0) Gecko/20100101 Firefox/87.0"
172.18.0.1 - - [01/May/2021:16:45:58 +0000] "GET /thruk/themes/vautour/images/page_world.png HTTP/1.1" 404 240 "http://localhost:8000/thruk/cgi-bin/status.cgi?hostgroup=all&style=hostdetail" "Mozilla/5.0 (X11; Ubuntu; Linux x86_64; rv:87.0) Gecko/20100101 Firefox/87.0"
172.18.0.1 - - [01/May/2021:16:45:58 +0000] "GET /thruk/themes/vautour/images/arrow_refresh.png HTTP/1.1" 404 243 "http://localhost:8000/thruk/cgi-bin/status.cgi?hostgroup=all&style=hostdetail" "Mozilla/5.0 (X11; Ubuntu; Linux x86_64; rv:87.0) Gecko/20100101 Firefox/87.0"
127.0.0.1 - thrukadmin [01/May/2021:16:46:03 +0000] "POST /thruk/cgi-bin/restricted.cgi HTTP/1.1" 200 15 "-" "thruk_auth"
172.18.0.1 - - [01/May/2021:16:46:03 +0000] "GET /thruk/cgi-bin/status.cgi?hostgroup=all&style=hostdetail&theme=&reload_nav=1&_=1619887563268 HTTP/1.1" 200 12010 "http://localhost:8000/thruk/cgi-bin/status.cgi?hostgroup=all&style=hostdetail" "Mozilla/5.0 (X11; Ubuntu; Linux x86_64; rv:87.0) Gecko/20100101 Firefox/87.0"
172.18.0.1 - - [01/May/2021:16:46:03 +0000] "GET /thruk/themes/Vautour/stylesheets/common.css HTTP/1.1" 200 443 "http://localhost:8000/thruk/cgi-bin/status.cgi?hostgroup=all&style=hostdetail&theme=&reload_nav=1&_=1619887563268" "Mozilla/5.0 (X11; Ubuntu; Linux x86_64; rv:87.0) Gecko/20100101 Firefox/87.0"
172.18.0.1 - - [01/May/2021:16:46:03 +0000] "GET /thruk/themes/Vautour/stylesheets/status.css HTTP/1.1" 200 1234 "http://localhost:8000/thruk/cgi-bin/status.cgi?hostgroup=all&style=hostdetail&theme=&reload_nav=1&_=1619887563268" "Mozilla/5.0 (X11; Ubuntu; Linux x86_64; rv:87.0) Gecko/20100101 Firefox/87.0"
172.18.0.1 - - [01/May/2021:16:46:03 +0000] "GET /thruk/themes/Vautour/stylesheets/thruk_global.css HTTP/1.1" 200 6045 "http://localhost:8000/thruk/cgi-bin/status.cgi?hostgroup=all&style=hostdetail&theme=&reload_nav=1&_=1619887563268" "Mozilla/5.0 (X11; Ubuntu; Linux x86_64; rv:87.0) Gecko/20100101 Firefox/87.0"
172.18.0.1 - - [01/May/2021:16:46:03 +0000] "GET /thruk/themes/Vautour/stylesheets/Vautour.css HTTP/1.1" 200 514 "http://localhost:8000/thruk/cgi-bin/status.cgi?hostgroup=all&style=hostdetail&theme=&reload_nav=1&_=1619887563268" "Mozilla/5.0 (X11; Ubuntu; Linux x86_64; rv:87.0) Gecko/20100101 Firefox/87.0"
172.18.0.1 - - [01/May/2021:16:46:03 +0000] "GET /thruk/themes/Vautour/stylesheets/interface/menu.css HTTP/1.1" 200 596 "http://localhost:8000/thruk/cgi-bin/status.cgi?hostgroup=all&style=hostdetail&theme=&reload_nav=1&_=1619887563268" "Mozilla/5.0 (X11; Ubuntu; Linux x86_64; rv:87.0) Gecko/20100101 Firefox/87.0"
172.18.0.1 - - [01/May/2021:16:46:03 +0000] "GET /thruk/themes/Vautour/stylesheets/interface/common.css HTTP/1.1" 200 511 "http://localhost:8000/thruk/cgi-bin/status.cgi?hostgroup=all&style=hostdetail&theme=&reload_nav=1&_=1619887563268" "Mozilla/5.0 (X11; Ubuntu; Linux x86_64; rv:87.0) Gecko/20100101 Firefox/87.0"
172.18.0.1 - - [01/May/2021:16:46:03 +0000] "GET /thruk/javascript/all_in_one-2.18-1.js HTTP/1.1" 200 86773 "http://localhost:8000/thruk/cgi-bin/status.cgi?hostgroup=all&style=hostdetail&theme=&reload_nav=1&_=1619887563268" "Mozilla/5.0 (X11; Ubuntu; Linux x86_64; rv:87.0) Gecko/20100101 Firefox/87.0"
172.18.0.1 - - [01/May/2021:16:46:03 +0000] "GET /thruk/themes/Vautour/images/icon_minimize.gif HTTP/1.1" 200 76 "http://localhost:8000/thruk/cgi-bin/status.cgi?hostgroup=all&style=hostdetail&theme=&reload_nav=1&_=1619887563268" "Mozilla/5.0 (X11; Ubuntu; Linux x86_64; rv:87.0) Gecko/20100101 Firefox/87.0"
172.18.0.1 - - [01/May/2021:16:46:03 +0000] "GET /thruk/themes/Vautour/images/down.png HTTP/1.1" 200 217 "http://localhost:8000/thruk/cgi-bin/status.cgi?hostgroup=all&style=hostdetail&theme=&reload_nav=1&_=1619887563268" "Mozilla/5.0 (X11; Ubuntu; Linux x86_64; rv:87.0) Gecko/20100101 Firefox/87.0"
172.18.0.1 - - [01/May/2021:16:46:03 +0000] "GET /thruk/themes/Vautour/images/up.gif HTTP/1.1" 200 50 "http://localhost:8000/thruk/cgi-bin/status.cgi?hostgroup=all&style=hostdetail&theme=&reload_nav=1&_=1619887563268" "Mozilla/5.0 (X11; Ubuntu; Linux x86_64; rv:87.0) Gecko/20100101 Firefox/87.0"
172.18.0.1 - - [01/May/2021:16:46:03 +0000] "GET /thruk/themes/Vautour/images/right.png HTTP/1.1" 200 215 "http://localhost:8000/thruk/cgi-bin/status.cgi?hostgroup=all&style=hostdetail&theme=&reload_nav=1&_=1619887563268" "Mozilla/5.0 (X11; Ubuntu; Linux x86_64; rv:87.0) Gecko/20100101 Firefox/87.0"
172.18.0.1 - - [01/May/2021:16:46:03 +0000] "GET /thruk/themes/Vautour/images/calendar.png HTTP/1.1" 200 675 "http://localhost:8000/thruk/cgi-bin/status.cgi?hostgroup=all&style=hostdetail&theme=&reload_nav=1&_=1619887563268" "Mozilla/5.0 (X11; Ubuntu; Linux x86_64; rv:87.0) Gecko/20100101 Firefox/87.0"
172.18.0.1 - - [01/May/2021:16:46:03 +0000] "GET /thruk/themes/Vautour/images/btn_close.png HTTP/1.1" 200 3853 "http://localhost:8000/thruk/cgi-bin/status.cgi?hostgroup=all&style=hostdetail&theme=&reload_nav=1&_=1619887563268" "Mozilla/5.0 (X11; Ubuntu; Linux x86_64; rv:87.0) Gecko/20100101 Firefox/87.0"
172.18.0.1 - - [01/May/2021:16:46:03 +0000] "GET /thruk/themes/Vautour/images/waiting.gif HTTP/1.1" 200 4176 "http://localhost:8000/thruk/cgi-bin/status.cgi?hostgroup=all&style=hostdetail&theme=&reload_nav=1&_=1619887563268" "Mozilla/5.0 (X11; Ubuntu; Linux x86_64; rv:87.0) Gecko/20100101 Firefox/87.0"
172.18.0.1 - - [01/May/2021:16:46:03 +0000] "GET /thruk/themes/Vautour/images/down.gif HTTP/1.1" 200 50 "http://localhost:8000/thruk/cgi-bin/status.cgi?hostgroup=all&style=hostdetail&theme=&reload_nav=1&_=1619887563268" "Mozilla/5.0 (X11; Ubuntu; Linux x86_64; rv:87.0) Gecko/20100101 Firefox/87.0"
172.18.0.1 - - [01/May/2021:16:46:03 +0000] "GET /thruk/themes/Vautour/images/loading-icon.gif HTTP/1.1" 200 1849 "http://localhost:8000/thruk/cgi-bin/status.cgi?hostgroup=all&style=hostdetail&theme=&reload_nav=1&_=1619887563268" "Mozilla/5.0 (X11; Ubuntu; Linux x86_64; rv:87.0) Gecko/20100101 Firefox/87.0"
172.18.0.1 - - [01/May/2021:16:46:03 +0000] "GET /thruk/themes/Vautour/images/status2.gif HTTP/1.1" 200 1057 "http://localhost:8000/thruk/cgi-bin/status.cgi?hostgroup=all&style=hostdetail&theme=&reload_nav=1&_=1619887563268" "Mozilla/5.0 (X11; Ubuntu; Linux x86_64; rv:87.0) Gecko/20100101 Firefox/87.0"
172.18.0.1 - - [01/May/2021:16:46:03 +0000] "GET /thruk/themes/Vautour/images/config.png HTTP/1.1" 200 653 "http://localhost:8000/thruk/cgi-bin/status.cgi?hostgroup=all&style=hostdetail&theme=&reload_nav=1" "Mozilla/5.0 (X11; Ubuntu; Linux x86_64; rv:87.0) Gecko/20100101 Firefox/87.0"
172.18.0.1 - - [01/May/2021:16:46:03 +0000] "GET /thruk/themes/Vautour/images/accept.png HTTP/1.1" 200 781 "http://localhost:8000/thruk/cgi-bin/status.cgi?hostgroup=all&style=hostdetail&theme=&reload_nav=1" "Mozilla/5.0 (X11; Ubuntu; Linux x86_64; rv:87.0) Gecko/20100101 Firefox/87.0"
172.18.0.1 - - [01/May/2021:16:46:03 +0000] "GET /thruk/themes/Vautour/images/minus.gif HTTP/1.1" 200 907 "http://localhost:8000/thruk/cgi-bin/status.cgi?hostgroup=all&style=hostdetail&theme=&reload_nav=1" "Mozilla/5.0 (X11; Ubuntu; Linux x86_64; rv:87.0) Gecko/20100101 Firefox/87.0"
172.18.0.1 - - [01/May/2021:16:46:03 +0000] "GET /thruk/themes/Vautour/images/remove.png HTTP/1.1" 200 264 "http://localhost:8000/thruk/cgi-bin/status.cgi?hostgroup=all&style=hostdetail&theme=&reload_nav=1" "Mozilla/5.0 (X11; Ubuntu; Linux x86_64; rv:87.0) Gecko/20100101 Firefox/87.0"
172.18.0.1 - - [01/May/2021:16:46:03 +0000] "GET /thruk/themes/Vautour/images/icon_maximize.gif HTTP/1.1" 200 76 "http://localhost:8000/thruk/cgi-bin/status.cgi?hostgroup=all&style=hostdetail&theme=&reload_nav=1" "Mozilla/5.0 (X11; Ubuntu; Linux x86_64; rv:87.0) Gecko/20100101 Firefox/87.0"
172.18.0.1 - - [01/May/2021:16:46:03 +0000] "GET /thruk/side.html HTTP/1.1" 200 3389 "http://localhost:8000/thruk/" "Mozilla/5.0 (X11; Ubuntu; Linux x86_64; rv:87.0) Gecko/20100101 Firefox/87.0"
172.18.0.1 - - [01/May/2021:16:46:03 +0000] "GET /thruk/themes/Vautour/images/bug_error.png HTTP/1.1" 200 841 "http://localhost:8000/thruk/themes/Vautour/stylesheets/thruk_global.css" "Mozilla/5.0 (X11; Ubuntu; Linux x86_64; rv:87.0) Gecko/20100101 Firefox/87.0"
172.18.0.1 - - [01/May/2021:16:46:03 +0000] "GET /thruk/themes/Vautour/images/arrow_refresh.png HTTP/1.1" 200 685 "http://localhost:8000/thruk/themes/Vautour/stylesheets/thruk_global.css" "Mozilla/5.0 (X11; Ubuntu; Linux x86_64; rv:87.0) Gecko/20100101 Firefox/87.0"
172.18.0.1 - - [01/May/2021:16:46:03 +0000] "GET /thruk/themes/Vautour/images/delay.gif HTTP/1.1" 200 1013 "http://localhost:8000/thruk/cgi-bin/status.cgi?hostgroup=all&style=hostdetail&theme=&reload_nav=1" "Mozilla/5.0 (X11; Ubuntu; Linux x86_64; rv:87.0) Gecko/20100101 Firefox/87.0"
172.18.0.1 - - [01/May/2021:16:46:03 +0000] "GET /thruk/themes/Vautour/images/downtime.gif HTTP/1.1" 200 601 "http://localhost:8000/thruk/cgi-bin/status.cgi?hostgroup=all&style=hostdetail&theme=&reload_nav=1" "Mozilla/5.0 (X11; Ubuntu; Linux x86_64; rv:87.0) Gecko/20100101 Firefox/87.0"
172.18.0.1 - - [01/May/2021:16:46:03 +0000] "GET /thruk/themes/Vautour/images/delete.gif HTTP/1.1" 200 359 "http://localhost:8000/thruk/cgi-bin/status.cgi?hostgroup=all&style=hostdetail&theme=&reload_nav=1" "Mozilla/5.0 (X11; Ubuntu; Linux x86_64; rv:87.0) Gecko/20100101 Firefox/87.0"
172.18.0.1 - - [01/May/2021:16:46:03 +0000] "GET /thruk/themes/Vautour/images/comment.gif HTTP/1.1" 200 325 "http://localhost:8000/thruk/cgi-bin/status.cgi?hostgroup=all&style=hostdetail&theme=&reload_nav=1" "Mozilla/5.0 (X11; Ubuntu; Linux x86_64; rv:87.0) Gecko/20100101 Firefox/87.0"
172.18.0.1 - - [01/May/2021:16:46:03 +0000] "GET /thruk/themes/Vautour/images/ack.gif HTTP/1.1" 200 564 "http://localhost:8000/thruk/cgi-bin/status.cgi?hostgroup=all&style=hostdetail&theme=&reload_nav=1" "Mozilla/5.0 (X11; Ubuntu; Linux x86_64; rv:87.0) Gecko/20100101 Firefox/87.0"
172.18.0.1 - - [01/May/2021:16:46:03 +0000] "GET /thruk/themes/Vautour/images/noack.gif HTTP/1.1" 200 1006 "http://localhost:8000/thruk/cgi-bin/status.cgi?hostgroup=all&style=hostdetail&theme=&reload_nav=1" "Mozilla/5.0 (X11; Ubuntu; Linux x86_64; rv:87.0) Gecko/20100101 Firefox/87.0"
172.18.0.1 - - [01/May/2021:16:46:03 +0000] "GET /thruk/themes/Vautour/images/enabled.gif HTTP/1.1" 200 519 "http://localhost:8000/thruk/cgi-bin/status.cgi?hostgroup=all&style=hostdetail&theme=&reload_nav=1" "Mozilla/5.0 (X11; Ubuntu; Linux x86_64; rv:87.0) Gecko/20100101 Firefox/87.0"
172.18.0.1 - - [01/May/2021:16:46:03 +0000] "GET /thruk/themes/Vautour/images/disabled.gif HTTP/1.1" 200 545 "http://localhost:8000/thruk/cgi-bin/status.cgi?hostgroup=all&style=hostdetail&theme=&reload_nav=1" "Mozilla/5.0 (X11; Ubuntu; Linux x86_64; rv:87.0) Gecko/20100101 Firefox/87.0"
172.18.0.1 - - [01/May/2021:16:46:03 +0000] "GET /thruk/themes/Vautour/images/passiveonly.gif HTTP/1.1" 200 568 "http://localhost:8000/thruk/cgi-bin/status.cgi?hostgroup=all&style=hostdetail&theme=&reload_nav=1" "Mozilla/5.0 (X11; Ubuntu; Linux x86_64; rv:87.0) Gecko/20100101 Firefox/87.0"
172.18.0.1 - - [01/May/2021:16:46:03 +0000] "GET /thruk/themes/Vautour/images/interface/menu_li1.gif HTTP/1.1" 200 51 "http://localhost:8000/thruk/themes/Vautour/stylesheets/status.css" "Mozilla/5.0 (X11; Ubuntu; Linux x86_64; rv:87.0) Gecko/20100101 Firefox/87.0"
172.18.0.1 - - [01/May/2021:16:46:03 +0000] "GET /thruk/themes/Vautour/images/book_add.png HTTP/1.1" 200 714 "http://localhost:8000/thruk/themes/Vautour/stylesheets/thruk_global.css" "Mozilla/5.0 (X11; Ubuntu; Linux x86_64; rv:87.0) Gecko/20100101 Firefox/87.0"
172.18.0.1 - - [01/May/2021:16:46:03 +0000] "GET /thruk/themes/Vautour/images/link.png HTTP/1.1" 200 343 "http://localhost:8000/thruk/themes/Vautour/stylesheets/thruk_global.css" "Mozilla/5.0 (X11; Ubuntu; Linux x86_64; rv:87.0) Gecko/20100101 Firefox/87.0"
172.18.0.1 - - [01/May/2021:16:46:03 +0000] "GET /thruk/themes/Vautour/images/json.png HTTP/1.1" 200 461 "http://localhost:8000/thruk/themes/Vautour/stylesheets/thruk_global.css" "Mozilla/5.0 (X11; Ubuntu; Linux x86_64; rv:87.0) Gecko/20100101 Firefox/87.0"
172.18.0.1 - - [01/May/2021:16:46:03 +0000] "GET /thruk/themes/Vautour/images/page_white_excel.png HTTP/1.1" 200 663 "http://localhost:8000/thruk/themes/Vautour/stylesheets/thruk_global.css" "Mozilla/5.0 (X11; Ubuntu; Linux x86_64; rv:87.0) Gecko/20100101 Firefox/87.0"
172.18.0.1 - - [01/May/2021:16:46:03 +0000] "GET /thruk/themes/Vautour/stylesheets/common.css HTTP/1.1" 200 443 "http://localhost:8000/thruk/side.html" "Mozilla/5.0 (X11; Ubuntu; Linux x86_64; rv:87.0) Gecko/20100101 Firefox/87.0"
172.18.0.1 - - [01/May/2021:16:46:03 +0000] "GET /thruk/themes/Vautour/stylesheets/thruk_global.css HTTP/1.1" 200 6045 "http://localhost:8000/thruk/side.html" "Mozilla/5.0 (X11; Ubuntu; Linux x86_64; rv:87.0) Gecko/20100101 Firefox/87.0"
172.18.0.1 - - [01/May/2021:16:46:03 +0000] "GET /thruk/themes/Vautour/stylesheets/interface/menu.css HTTP/1.1" 200 596 "http://localhost:8000/thruk/side.html" "Mozilla/5.0 (X11; Ubuntu; Linux x86_64; rv:87.0) Gecko/20100101 Firefox/87.0"
172.18.0.1 - - [01/May/2021:16:46:03 +0000] "GET /thruk/themes/Vautour/stylesheets/interface/common.css HTTP/1.1" 200 511 "http://localhost:8000/thruk/side.html" "Mozilla/5.0 (X11; Ubuntu; Linux x86_64; rv:87.0) Gecko/20100101 Firefox/87.0"
172.18.0.1 - - [01/May/2021:16:46:03 +0000] "GET /thruk/javascript/all_in_one-2.18-1.js HTTP/1.1" 200 86773 "http://localhost:8000/thruk/side.html" "Mozilla/5.0 (X11; Ubuntu; Linux x86_64; rv:87.0) Gecko/20100101 Firefox/87.0"
172.18.0.1 - - [01/May/2021:16:46:03 +0000] "GET /thruk/themes/Vautour/images/interface/search.gif HTTP/1.1" 200 390 "http://localhost:8000/thruk/side.html" "Mozilla/5.0 (X11; Ubuntu; Linux x86_64; rv:87.0) Gecko/20100101 Firefox/87.0"
172.18.0.1 - - [01/May/2021:16:46:03 +0000] "GET /thruk/themes/Vautour/images/interface/bar.gif HTTP/1.1" 200 152 "http://localhost:8000/thruk/themes/Vautour/stylesheets/interface/menu.css" "Mozilla/5.0 (X11; Ubuntu; Linux x86_64; rv:87.0) Gecko/20100101 Firefox/87.0"
172.18.0.1 - - [01/May/2021:16:46:03 +0000] "GET /thruk/themes/Vautour/images/interface/menu_li1.gif HTTP/1.1" 304 - "http://localhost:8000/thruk/themes/Vautour/stylesheets/interface/menu.css" "Mozilla/5.0 (X11; Ubuntu; Linux x86_64; rv:87.0) Gecko/20100101 Firefox/87.0"
127.0.0.1 - - [01/May/2021:16:46:08 +0000] "OPTIONS * HTTP/1.0" 200 - "-" "Apache/2.4.6 (CentOS) mod_fcgid/2.3.9 PHP/5.4.16 (internal dummy connection)"
172.18.0.1 - - [01/May/2021:16:46:11 +0000] "GET /thruk/javascript/jquery-ui/js/jquery-ui-1.10.3.custom.min.js HTTP/1.1" 200 60504 "http://localhost:8000/thruk/cgi-bin/status.cgi?hostgroup=all&style=hostdetail&theme=&reload_nav=1" "Mozilla/5.0 (X11; Ubuntu; Linux x86_64; rv:87.0) Gecko/20100101 Firefox/87.0"
172.18.0.1 - - [01/May/2021:16:46:11 +0000] "GET /thruk/themes/Vautour/images/interface/menu_li2.gif HTTP/1.1" 200 51 "http://localhost:8000/thruk/themes/Vautour/stylesheets/status.css" "Mozilla/5.0 (X11; Ubuntu; Linux x86_64; rv:87.0) Gecko/20100101 Firefox/87.0"
172.18.0.1 - - [01/May/2021:16:46:12 +0000] "GET /thruk/themes/Vautour/images/interface/menu_li2.gif HTTP/1.1" 304 - "http://localhost:8000/thruk/themes/Vautour/stylesheets/interface/menu.css" "Mozilla/5.0 (X11; Ubuntu; Linux x86_64; rv:87.0) Gecko/20100101 Firefox/87.0"
127.0.0.1 - thrukadmin [01/May/2021:16:46:13 +0000] "POST /thruk/cgi-bin/restricted.cgi HTTP/1.1" 200 15 "-" "thruk_auth"
172.18.0.1 - - [01/May/2021:16:46:13 +0000] "GET /thruk/main.html HTTP/1.1" 200 2525 "http://localhost:8000/thruk/side.html" "Mozilla/5.0 (X11; Ubuntu; Linux x86_64; rv:87.0) Gecko/20100101 Firefox/87.0"
172.18.0.1 - - [01/May/2021:16:46:13 +0000] "GET /thruk/themes/Vautour/stylesheets/splashpage.css HTTP/1.1" 200 17 "http://localhost:8000/thruk/main.html" "Mozilla/5.0 (X11; Ubuntu; Linux x86_64; rv:87.0) Gecko/20100101 Firefox/87.0"
172.18.0.1 - - [01/May/2021:16:46:13 +0000] "GET /thruk/themes/Vautour/images/logo_thruk.png HTTP/1.1" 200 7273 "http://localhost:8000/thruk/main.html" "Mozilla/5.0 (X11; Ubuntu; Linux x86_64; rv:87.0) Gecko/20100101 Firefox/87.0"
172.18.0.1 - - [01/May/2021:16:46:13 +0000] "GET /thruk/themes/Vautour/images/logo_thruk_mid.png HTTP/1.1" 200 4150 "http://localhost:8000/thruk/main.html" "Mozilla/5.0 (X11; Ubuntu; Linux x86_64; rv:87.0) Gecko/20100101 Firefox/87.0"
172.18.0.1 - - [01/May/2021:16:46:13 +0000] "GET /thruk/themes/Vautour/images/github.png HTTP/1.1" 200 3372 "http://localhost:8000/thruk/main.html" "Mozilla/5.0 (X11; Ubuntu; Linux x86_64; rv:87.0) Gecko/20100101 Firefox/87.0"
127.0.0.1 - - [01/May/2021:17:12:37 +0000] "POST /thruk/cgi-bin/remote.cgi?startup HTTP/1.1" 200 13 "-" "Wget/1.14 (linux-gnu)"
127.0.0.1 - thrukadmin [01/May/2021:17:18:29 +0000] "POST /thruk/cgi-bin/restricted.cgi HTTP/1.1" 200 15 "-" "thruk_auth"
172.18.0.1 - - [01/May/2021:17:18:29 +0000] "GET /thruk/ HTTP/1.1" 200 1793 "http://localhost:8000/thruk/cgi-bin/login.cgi?thruk/" "Mozilla/5.0 (X11; Ubuntu; Linux x86_64; rv:87.0) Gecko/20100101 Firefox/87.0"
172.18.0.1 - - [01/May/2021:17:18:29 +0000] "GET /thruk/themes/Vautour/images/favicon-32x32.png HTTP/1.1" 200 910 "http://localhost:8000/thruk/" "Mozilla/5.0 (X11; Ubuntu; Linux x86_64; rv:87.0) Gecko/20100101 Firefox/87.0"
172.18.0.1 - - [01/May/2021:17:18:29 +0000] "GET /thruk/side.html HTTP/1.1" 200 3389 "http://localhost:8000/thruk/" "Mozilla/5.0 (X11; Ubuntu; Linux x86_64; rv:87.0) Gecko/20100101 Firefox/87.0"
172.18.0.1 - - [01/May/2021:17:18:29 +0000] "GET /thruk/main.html HTTP/1.1" 200 2525 "http://localhost:8000/thruk/" "Mozilla/5.0 (X11; Ubuntu; Linux x86_64; rv:87.0) Gecko/20100101 Firefox/87.0"
127.0.0.1 - thrukadmin [01/May/2021:17:18:35 +0000] "POST /thruk/cgi-bin/restricted.cgi HTTP/1.1" 200 15 "-" "thruk_auth"
172.18.0.1 - - [01/May/2021:17:18:35 +0000] "GET /thruk/cgi-bin/status.cgi?hostgroup=all&style=hostdetail HTTP/1.1" 200 11870 "http://localhost:8000/thruk/side.html" "Mozilla/5.0 (X11; Ubuntu; Linux x86_64; rv:87.0) Gecko/20100101 Firefox/87.0"
172.18.0.1 - - [01/May/2021:17:18:35 +0000] "GET /thruk/themes/Vautour/images/thermok.png HTTP/1.1" 200 218 "http://localhost:8000/thruk/cgi-bin/status.cgi?hostgroup=all&style=hostdetail" "Mozilla/5.0 (X11; Ubuntu; Linux x86_64; rv:87.0) Gecko/20100101 Firefox/87.0"
127.0.0.1 - thrukadmin [01/May/2021:17:20:05 +0000] "POST /thruk/cgi-bin/restricted.cgi HTTP/1.1" 200 15 "-" "thruk_auth"
172.18.0.1 - - [01/May/2021:17:20:05 +0000] "GET /thruk/cgi-bin/status.cgi?hostgroup=all&style=hostdetail&_=1619889605582 HTTP/1.1" 200 11914 "http://localhost:8000/thruk/cgi-bin/status.cgi?hostgroup=all&style=hostdetail" "Mozilla/5.0 (X11; Ubuntu; Linux x86_64; rv:87.0) Gecko/20100101 Firefox/87.0"
127.0.0.1 - thrukadmin [01/May/2021:17:20:31 +0000] "POST /thruk/cgi-bin/restricted.cgi HTTP/1.1" 200 15 "-" "thruk_auth"
172.18.0.1 - - [01/May/2021:17:20:31 +0000] "GET /thruk/cgi-bin/status.cgi?host=all HTTP/1.1" 200 13906 "http://localhost:8000/thruk/side.html" "Mozilla/5.0 (X11; Ubuntu; Linux x86_64; rv:87.0) Gecko/20100101 Firefox/87.0"
172.18.0.1 - - [01/May/2021:17:20:31 +0000] "GET /thruk/themes/Vautour/images/ndisabled.gif HTTP/1.1" 200 320 "http://localhost:8000/thruk/cgi-bin/status.cgi?host=all" "Mozilla/5.0 (X11; Ubuntu; Linux x86_64; rv:87.0) Gecko/20100101 Firefox/87.0"
172.18.0.1 - - [01/May/2021:17:20:39 +0000] "GET /thruk/javascript/jquery-ui/js/jquery-ui-1.10.3.custom.min.js HTTP/1.1" 200 60504 "http://localhost:8000/thruk/cgi-bin/status.cgi?host=all" "Mozilla/5.0 (X11; Ubuntu; Linux x86_64; rv:87.0) Gecko/20100101 Firefox/87.0"
127.0.0.1 - thrukadmin [01/May/2021:17:22:03 +0000] "POST /thruk/cgi-bin/restricted.cgi HTTP/1.1" 200 15 "-" "thruk_auth"
172.18.0.1 - - [01/May/2021:17:22:03 +0000] "GET /thruk/cgi-bin/status.cgi?host=all&_=1619889722810 HTTP/1.1" 200 13998 "http://localhost:8000/thruk/cgi-bin/status.cgi?host=all" "Mozilla/5.0 (X11; Ubuntu; Linux x86_64; rv:87.0) Gecko/20100101 Firefox/87.0"
127.0.0.1 - thrukadmin [01/May/2021:17:23:35 +0000] "POST /thruk/cgi-bin/restricted.cgi HTTP/1.1" 200 15 "-" "thruk_auth"
172.18.0.1 - - [01/May/2021:17:23:35 +0000] "GET /thruk/cgi-bin/status.cgi?host=all&_=1619889814016 HTTP/1.1" 200 13958 "http://localhost:8000/thruk/cgi-bin/status.cgi?host=all" "Mozilla/5.0 (X11; Ubuntu; Linux x86_64; rv:87.0) Gecko/20100101 Firefox/87.0"
127.0.0.1 - thrukadmin [01/May/2021:17:25:07 +0000] "POST /thruk/cgi-bin/restricted.cgi HTTP/1.1" 200 15 "-" "thruk_auth"
172.18.0.1 - - [01/May/2021:17:25:07 +0000] "GET /thruk/cgi-bin/status.cgi?host=all&_=1619889906217 HTTP/1.1" 200 13990 "http://localhost:8000/thruk/cgi-bin/status.cgi?host=all" "Mozilla/5.0 (X11; Ubuntu; Linux x86_64; rv:87.0) Gecko/20100101 Firefox/87.0"
127.0.0.1 - thrukadmin [01/May/2021:17:26:39 +0000] "POST /thruk/cgi-bin/restricted.cgi HTTP/1.1" 200 15 "-" "thruk_auth"
172.18.0.1 - - [01/May/2021:17:26:39 +0000] "GET /thruk/cgi-bin/status.cgi?host=all&_=1619889998398 HTTP/1.1" 200 13953 "http://localhost:8000/thruk/cgi-bin/status.cgi?host=all" "Mozilla/5.0 (X11; Ubuntu; Linux x86_64; rv:87.0) Gecko/20100101 Firefox/87.0"
127.0.0.1 - thrukadmin [01/May/2021:17:28:10 +0000] "POST /thruk/cgi-bin/restricted.cgi HTTP/1.1" 200 15 "-" "thruk_auth"
172.18.0.1 - - [01/May/2021:17:28:10 +0000] "GET /thruk/cgi-bin/status.cgi?host=all&_=1619890089576 HTTP/1.1" 200 13950 "http://localhost:8000/thruk/cgi-bin/status.cgi?host=all" "Mozilla/5.0 (X11; Ubuntu; Linux x86_64; rv:87.0) Gecko/20100101 Firefox/87.0"
127.0.0.1 - thrukadmin [01/May/2021:17:29:41 +0000] "POST /thruk/cgi-bin/restricted.cgi HTTP/1.1" 200 15 "-" "thruk_auth"
172.18.0.1 - - [01/May/2021:17:29:41 +0000] "GET /thruk/cgi-bin/status.cgi?host=all&_=1619890180783 HTTP/1.1" 200 13958 "http://localhost:8000/thruk/cgi-bin/status.cgi?host=all" "Mozilla/5.0 (X11; Ubuntu; Linux x86_64; rv:87.0) Gecko/20100101 Firefox/87.0"
127.0.0.1 - thrukadmin [01/May/2021:17:31:12 +0000] "POST /thruk/cgi-bin/restricted.cgi HTTP/1.1" 200 15 "-" "thruk_auth"
172.18.0.1 - - [01/May/2021:17:31:12 +0000] "GET /thruk/cgi-bin/status.cgi?host=all&_=1619890271973 HTTP/1.1" 200 13958 "http://localhost:8000/thruk/cgi-bin/status.cgi?host=all" "Mozilla/5.0 (X11; Ubuntu; Linux x86_64; rv:87.0) Gecko/20100101 Firefox/87.0"
127.0.0.1 - - [02/May/2021:00:36:45 +0000] "POST /thruk/cgi-bin/remote.cgi?startup HTTP/1.1" 200 13 "-" "Wget/1.14 (linux-gnu)"
